Archive member included to satisfy reference by file (symbol)

/Applications/MCUXpressoIDE_11.1.0_3209/ide/plugins/com.nxp.mcuxpresso.tools.macosx_11.1.0.201909161352/tools/bin/../lib/gcc/arm-none-eabi/8.3.1/thumb/v6-m/nofp/libgcc.a(_udivsi3.o)
                              ./source/i2c.o (__aeabi_uidiv)
/Applications/MCUXpressoIDE_11.1.0_3209/ide/plugins/com.nxp.mcuxpresso.tools.macosx_11.1.0.201909161352/tools/bin/../lib/gcc/arm-none-eabi/8.3.1/thumb/v6-m/nofp/libgcc.a(_divsi3.o)
                              ./source/FMradioCPP.o (__aeabi_idiv)
/Applications/MCUXpressoIDE_11.1.0_3209/ide/plugins/com.nxp.mcuxpresso.tools.macosx_11.1.0.201909161352/tools/bin/../lib/gcc/arm-none-eabi/8.3.1/thumb/v6-m/nofp/libgcc.a(_dvmd_tls.o)
                              /Applications/MCUXpressoIDE_11.1.0_3209/ide/plugins/com.nxp.mcuxpresso.tools.macosx_11.1.0.201909161352/tools/bin/../lib/gcc/arm-none-eabi/8.3.1/thumb/v6-m/nofp/libgcc.a(_udivsi3.o) (__aeabi_idiv0)
/Applications/MCUXpressoIDE_11.1.0_3209/ide/plugins/com.nxp.mcuxpresso.tools.macosx_11.1.0.201909161352/tools/bin/../lib/gcc/arm-none-eabi/8.3.1/thumb/v6-m/nofp/libgcc.a(_aeabi_uldivmod.o)
                              ./drivers/fsl_clock.o (__aeabi_uldivmod)
/Applications/MCUXpressoIDE_11.1.0_3209/ide/plugins/com.nxp.mcuxpresso.tools.macosx_11.1.0.201909161352/tools/bin/../lib/gcc/arm-none-eabi/8.3.1/thumb/v6-m/nofp/libgcc.a(_muldi3.o)
                              ./drivers/fsl_common.o (__aeabi_lmul)
/Applications/MCUXpressoIDE_11.1.0_3209/ide/plugins/com.nxp.mcuxpresso.tools.macosx_11.1.0.201909161352/tools/bin/../lib/gcc/arm-none-eabi/8.3.1/thumb/v6-m/nofp/libgcc.a(_udivmoddi4.o)
                              /Applications/MCUXpressoIDE_11.1.0_3209/ide/plugins/com.nxp.mcuxpresso.tools.macosx_11.1.0.201909161352/tools/bin/../lib/gcc/arm-none-eabi/8.3.1/thumb/v6-m/nofp/libgcc.a(_aeabi_uldivmod.o) (__udivmoddi4)
/Applications/MCUXpressoIDE_11.1.0_3209/ide/plugins/com.nxp.mcuxpresso.tools.macosx_11.1.0.201909161352/tools/bin/../lib/gcc/arm-none-eabi/8.3.1/thumb/v6-m/nofp/libgcc.a(_clzdi2.o)
                              /Applications/MCUXpressoIDE_11.1.0_3209/ide/plugins/com.nxp.mcuxpresso.tools.macosx_11.1.0.201909161352/tools/bin/../lib/gcc/arm-none-eabi/8.3.1/thumb/v6-m/nofp/libgcc.a(_udivmoddi4.o) (__clzdi2)
/Applications/MCUXpressoIDE_11.1.0_3209/ide/plugins/com.nxp.mcuxpresso.tools.macosx_11.1.0.201909161352/tools/bin/../lib/gcc/arm-none-eabi/8.3.1/thumb/v6-m/nofp/libgcc.a(_clzsi2.o)
                              /Applications/MCUXpressoIDE_11.1.0_3209/ide/plugins/com.nxp.mcuxpresso.tools.macosx_11.1.0.201909161352/tools/bin/../lib/gcc/arm-none-eabi/8.3.1/thumb/v6-m/nofp/libgcc.a(_clzdi2.o) (__clzsi2)
/Applications/MCUXpressoIDE_11.1.0_3209/ide/plugins/com.nxp.mcuxpresso.tools.macosx_11.1.0.201909161352/tools/bin/../lib/gcc/arm-none-eabi/8.3.1/../../../../arm-none-eabi/lib/thumb/v6-m/nofp/libc_nano.a(lib_a-assert.o)
                              ./drivers/fsl_clock.o (__assert_func)
/Applications/MCUXpressoIDE_11.1.0_3209/ide/plugins/com.nxp.mcuxpresso.tools.macosx_11.1.0.201909161352/tools/bin/../lib/gcc/arm-none-eabi/8.3.1/../../../../arm-none-eabi/lib/thumb/v6-m/nofp/libc_nano.a(lib_a-fprintf.o)
                              /Applications/MCUXpressoIDE_11.1.0_3209/ide/plugins/com.nxp.mcuxpresso.tools.macosx_11.1.0.201909161352/tools/bin/../lib/gcc/arm-none-eabi/8.3.1/../../../../arm-none-eabi/lib/thumb/v6-m/nofp/libc_nano.a(lib_a-assert.o) (fiprintf)
/Applications/MCUXpressoIDE_11.1.0_3209/ide/plugins/com.nxp.mcuxpresso.tools.macosx_11.1.0.201909161352/tools/bin/../lib/gcc/arm-none-eabi/8.3.1/../../../../arm-none-eabi/lib/thumb/v6-m/nofp/libc_nano.a(lib_a-impure.o)
                              /Applications/MCUXpressoIDE_11.1.0_3209/ide/plugins/com.nxp.mcuxpresso.tools.macosx_11.1.0.201909161352/tools/bin/../lib/gcc/arm-none-eabi/8.3.1/../../../../arm-none-eabi/lib/thumb/v6-m/nofp/libc_nano.a(lib_a-assert.o) (_impure_ptr)
/Applications/MCUXpressoIDE_11.1.0_3209/ide/plugins/com.nxp.mcuxpresso.tools.macosx_11.1.0.201909161352/tools/bin/../lib/gcc/arm-none-eabi/8.3.1/../../../../arm-none-eabi/lib/thumb/v6-m/nofp/libc_nano.a(lib_a-init.o)
                              ./startup/startup_lpc802.o (__libc_init_array)
/Applications/MCUXpressoIDE_11.1.0_3209/ide/plugins/com.nxp.mcuxpresso.tools.macosx_11.1.0.201909161352/tools/bin/../lib/gcc/arm-none-eabi/8.3.1/../../../../arm-none-eabi/lib/thumb/v6-m/nofp/libc_nano.a(lib_a-malloc.o)
                              ./source/cpp_config.o (malloc)
/Applications/MCUXpressoIDE_11.1.0_3209/ide/plugins/com.nxp.mcuxpresso.tools.macosx_11.1.0.201909161352/tools/bin/../lib/gcc/arm-none-eabi/8.3.1/../../../../arm-none-eabi/lib/thumb/v6-m/nofp/libc_nano.a(lib_a-memset.o)
                              ./source/FMradioCPP.o (memset)
[...]
Memory Configuration

Name             Origin             Length             Attributes
PROGRAM_FLASH    0x0000000000000000 0x0000000000003f80 xr
BOOT_FLASH       0x0000000000003f80 0x0000000000000080 xr
SRAM             0x0000000010000000 0x00000000000007e0 xrw
IAP_SRAM         0x00000000100007e0 0x0000000000000020 xrw
*default*        0x0000000000000000 0xffffffffffffffff

Linker script and memory map

LOAD ./utilities/fsl_debug_console.o
LOAD ./startup/startup_lpc802.o
LOAD ./source/FMradioCPP.o
LOAD ./source/I2CDisplay.o
LOAD ./source/arduino.o
LOAD ./source/cpp_config.o
LOAD ./source/i2c.o
LOAD ./source/semihost_hardfault.o
LOAD ./source/tuner.o
LOAD ./drivers/fsl_clock.o
LOAD ./drivers/fsl_common.o
LOAD ./drivers/fsl_gpio.o
LOAD ./drivers/fsl_power.o
LOAD ./drivers/fsl_reset.o
LOAD ./drivers/fsl_swm.o
LOAD ./drivers/fsl_usart.o
LOAD ./device/system_LPC802.o
LOAD ./component/uart/miniusart_adapter.o
LOAD ./board/board.o
LOAD ./board/clock_config.o
LOAD ./board/peripherals.o
LOAD ./board/pin_mux.o
START GROUP
LOAD /Applications/MCUXpressoIDE_11.1.0_3209/ide/plugins/com.nxp.mcuxpresso.tools.macosx_11.1.0.201909161352/tools/bin/../lib/gcc/arm-none-eabi/8.3.1/thumb/v6-m/nofp/libgcc.a
LOAD /Applications/MCUXpressoIDE_11.1.0_3209/ide/plugins/com.nxp.mcuxpresso.tools.macosx_11.1.0.201909161352/tools/bin/../lib/gcc/arm-none-eabi/8.3.1/../../../../arm-none-eabi/lib/thumb/v6-m/nofp/libc_nano.a
LOAD /Applications/MCUXpressoIDE_11.1.0_3209/ide/plugins/com.nxp.mcuxpresso.tools.macosx_11.1.0.201909161352/tools/bin/../lib/gcc/arm-none-eabi/8.3.1/../../../../arm-none-eabi/lib/thumb/v6-m/nofp/libstdc++_nano.a
LOAD /Applications/MCUXpressoIDE_11.1.0_3209/ide/plugins/com.nxp.mcuxpresso.tools.macosx_11.1.0.201909161352/tools/bin/../lib/gcc/arm-none-eabi/8.3.1/../../../../arm-none-eabi/lib/thumb/v6-m/nofp/libm.a
LOAD /Applications/MCUXpressoIDE_11.1.0_3209/ide/plugins/com.nxp.mcuxpresso.tools.macosx_11.1.0.201909161352/tools/bin/../lib/gcc/arm-none-eabi/8.3.1/../../../../arm-none-eabi/lib/thumb/v6-m/nofp/libcr_newlib_semihost.a
LOAD /Applications/MCUXpressoIDE_11.1.0_3209/ide/plugins/com.nxp.mcuxpresso.tools.macosx_11.1.0.201909161352/tools/bin/../lib/gcc/arm-none-eabi/8.3.1/thumb/v6-m/nofp/crti.o
LOAD /Applications/MCUXpressoIDE_11.1.0_3209/ide/plugins/com.nxp.mcuxpresso.tools.macosx_11.1.0.201909161352/tools/bin/../lib/gcc/arm-none-eabi/8.3.1/thumb/v6-m/nofp/crtn.o
LOAD /Applications/MCUXpressoIDE_11.1.0_3209/ide/plugins/com.nxp.mcuxpresso.tools.macosx_11.1.0.201909161352/tools/bin/../lib/gcc/arm-none-eabi/8.3.1/thumb/v6-m/nofp/crtbegin.o
LOAD /Applications/MCUXpressoIDE_11.1.0_3209/ide/plugins/com.nxp.mcuxpresso.tools.macosx_11.1.0.201909161352/tools/bin/../lib/gcc/arm-none-eabi/8.3.1/thumb/v6-m/nofp/crtend.o
END GROUP
                0x0000000000000000                __base_PROGRAM_FLASH = 0x0
                0x0000000000000000                __base_Flash = 0x0
                0x0000000000003f80                __top_PROGRAM_FLASH = 0x3f80
                0x0000000000003f80                __top_Flash = 0x3f80
                0x0000000000003f80                __base_BOOT_FLASH = 0x3f80
                0x0000000000003f80                __base_Flash2 = 0x3f80
                0x0000000000004000                __top_BOOT_FLASH = 0x4000
                0x0000000000004000                __top_Flash2 = 0x4000
                0x0000000010000000                __base_SRAM = 0x10000000
                0x0000000010000000                __base_RAM = 0x10000000
                0x00000000100007e0                __top_SRAM = 0x100007e0
                0x00000000100007e0                __top_RAM = 0x100007e0
                0x00000000100007e0                __base_IAP_SRAM = 0x100007e0
                0x00000000100007e0                __base_RAM2 = 0x100007e0
                0x0000000010000800                __top_IAP_SRAM = 0x10000800
                0x0000000010000800                __top_RAM2 = 0x10000800

.text_Flash2    0x0000000000003f80        0x0
 FILL mask 0xff
 *(SORT_BY_ALIGNMENT(.text_Flash2))
 *(SORT_BY_ALIGNMENT(.text_BOOT_FLASH))
 *(SORT_BY_ALIGNMENT(.text.$Flash2))
 *(SORT_BY_ALIGNMENT(.text.$BOOT_FLASH))
 *(SORT_BY_ALIGNMENT(.text_Flash2.*))
 *(SORT_BY_ALIGNMENT(.text_BOOT_FLASH.*))
 *(SORT_BY_ALIGNMENT(.text.$Flash2.*))
 *(SORT_BY_ALIGNMENT(.text.$BOOT_FLASH.*))
 *(SORT_BY_ALIGNMENT(.rodata.$Flash2))
 *(SORT_BY_ALIGNMENT(.rodata.$BOOT_FLASH))
 *(SORT_BY_ALIGNMENT(.rodata.$Flash2.*))
 *(SORT_BY_ALIGNMENT(.rodata.$BOOT_FLASH.*))

.text           0x0000000000000000     0x2b28
 FILL mask 0xff
                0x0000000000000000                __vectors_start__ = ABSOLUTE (.)
 *(SORT_BY_ALIGNMENT(.isr_vector))
 .isr_vector    0x0000000000000000       0xc0 ./startup/startup_lpc802.o
                0x0000000000000000                __Vectors
                0x0000000000000000                g_pfnVectors
                0x00000000000000c0                . = ALIGN (0x4)
                0x00000000000000c0                __section_table_start = .
                0x00000000000000c0                __data_section_table = .
                0x00000000000000c0        0x4 LONG 0x2b28 LOADADDR (.data)
                0x00000000000000c4        0x4 LONG 0x10000000 ADDR (.data)
                0x00000000000000c8        0x4 LONG 0xa0 SIZEOF (.data)
                0x00000000000000cc        0x4 LONG 0x2b28 LOADADDR (.data_RAM2)
                0x00000000000000d0        0x4 LONG 0x100007e0 ADDR (.data_RAM2)
                0x00000000000000d4        0x4 LONG 0x0 SIZEOF (.data_RAM2)
                0x00000000000000d8                __data_section_table_end = .
                0x00000000000000d8                __bss_section_table = .
                0x00000000000000d8        0x4 LONG 0x100000a0 ADDR (.bss)
                0x00000000000000dc        0x4 LONG 0x114 SIZEOF (.bss)
                0x00000000000000e0        0x4 LONG 0x100007e0 ADDR (.bss_RAM2)
                0x00000000000000e4        0x4 LONG 0x0 SIZEOF (.bss_RAM2)
                0x00000000000000e8                __bss_section_table_end = .
                0x00000000000000e8                __section_table_end = .
 *(SORT_BY_ALIGNMENT(.after_vectors*))
 .after_vectors.reset
                0x00000000000000e8       0x5c ./startup/startup_lpc802.o
                0x00000000000000e8                ResetISR
 .after_vectors.init_data
                0x0000000000000144       0x12 ./startup/startup_lpc802.o
                0x0000000000000144                data_init(unsigned int, unsigned int, unsigned int)
 .after_vectors.init_bss
                0x0000000000000156       0x10 ./startup/startup_lpc802.o
                0x0000000000000156                bss_init(unsigned int, unsigned int)
 .after_vectors
                0x0000000000000166      0x10c ./startup/startup_lpc802.o
                0x0000000000000166                NMI_Handler
                0x000000000000016a                SVC_Handler
                0x000000000000016c                PendSV_Handler
                0x0000000000000170                Reserved36_DriverIRQHandler
                0x0000000000000170                ADC0_OVR_DriverIRQHandler
                0x0000000000000170                Reserved21_DriverIRQHandler
                0x0000000000000170                Reserved17_DriverIRQHandler
                0x0000000000000170                IntDefaultHandler
                0x0000000000000170                WKT_DriverIRQHandler
                0x0000000000000170                MRT0_DriverIRQHandler
                0x0000000000000170                PIN_INT4_DriverIRQHandler
                0x0000000000000170                PIN_INT5_DriverIRQHandler
                0x0000000000000170                ADC0_THCMP_DriverIRQHandler
                0x0000000000000170                PIN_INT7_DriverIRQHandler
                0x0000000000000170                Reserved38_DriverIRQHandler
                0x0000000000000170                Reserved22_DriverIRQHandler
                0x0000000000000170                FLASH_DriverIRQHandler
                0x0000000000000170                ADC0_SEQB_DriverIRQHandler
                0x0000000000000170                CTIMER0_DriverIRQHandler
                0x0000000000000170                PIN_INT6_DriverIRQHandler
                0x0000000000000170                Reserved18_DriverIRQHandler
                0x0000000000000170                WDT_DriverIRQHandler
                0x0000000000000170                PIN_INT1_DriverIRQHandler
                0x0000000000000170                Reserved23_DriverIRQHandler
                0x0000000000000170                Reserved25_DriverIRQHandler
                0x0000000000000170                BOD_DriverIRQHandler
                0x0000000000000170                CMP_DriverIRQHandler
                0x0000000000000170                ADC0_SEQA_DriverIRQHandler
                0x0000000000000170                SPI0_DriverIRQHandler
                0x0000000000000170                Reserved37_DriverIRQHandler
                0x0000000000000170                I2C0_DriverIRQHandler
                0x0000000000000170                PIN_INT3_DriverIRQHandler
                0x0000000000000170                PIN_INT2_DriverIRQHandler
                0x0000000000000170                PIN_INT0_DriverIRQHandler
                0x0000000000000172                SPI0_IRQHandler
                0x000000000000017a                Reserved17_IRQHandler
                0x0000000000000182                Reserved18_IRQHandler
                0x000000000000018a                USART0_IRQHandler
                0x0000000000000192                USART1_IRQHandler
                0x000000000000019a                Reserved21_IRQHandler
                0x00000000000001a2                Reserved22_IRQHandler
                0x00000000000001aa                Reserved23_IRQHandler
                0x00000000000001b2                I2C0_IRQHandler
                0x00000000000001ba                Reserved25_IRQHandler
                0x00000000000001c2                MRT0_IRQHandler
                0x00000000000001ca                CMP_IRQHandler
                0x00000000000001d2                WDT_IRQHandler
                0x00000000000001da                BOD_IRQHandler
                0x00000000000001e2                FLASH_IRQHandler
                0x00000000000001ea                WKT_IRQHandler
                0x00000000000001f2                ADC0_SEQA_IRQHandler
                0x00000000000001fa                ADC0_SEQB_IRQHandler
                0x0000000000000202                ADC0_THCMP_IRQHandler
                0x000000000000020a                ADC0_OVR_IRQHandler
                0x0000000000000212                Reserved36_IRQHandler
                0x000000000000021a                Reserved37_IRQHandler
                0x0000000000000222                Reserved38_IRQHandler
                0x000000000000022a                CTIMER0_IRQHandler
                0x000000000000026a                PIN_INT7_IRQHandler
 *(SORT_BY_ALIGNMENT(.text*))
 *fill*         0x0000000000000272        0x2 ff
 .text.__NVIC_EnableIRQ
                0x0000000000000274       0x3c ./source/FMradioCPP.o
 .text.__NVIC_DisableIRQ
                0x00000000000002b0       0x44 ./source/FMradioCPP.o
 .text.__NVIC_SetPriority
                0x00000000000002f4       0xec ./source/FMradioCPP.o
 .text.SysTick_Config
                0x00000000000003e0       0x48 ./source/FMradioCPP.o
 .text.main     0x0000000000000428      0x22c ./source/FMradioCPP.o
                0x0000000000000428                main
 .text.SysTick_Handler
                0x0000000000000654      0x54c ./source/FMradioCPP.o
                0x0000000000000654                SysTick_Handler
 .text.PIN_INT0_IRQHandler
                0x0000000000000ba0       0x54 ./source/FMradioCPP.o
                0x0000000000000ba0                PIN_INT0_IRQHandler
 .text.PIN_INT1_IRQHandler
                0x0000000000000bf4       0xac ./source/FMradioCPP.o
                0x0000000000000bf4                PIN_INT1_IRQHandler
 .text.PIN_INT2_IRQHandler
                0x0000000000000ca0       0xa4 ./source/FMradioCPP.o
                0x0000000000000ca0                PIN_INT2_IRQHandler
 .text.PIN_INT3_IRQHandler
                0x0000000000000d44       0x8c ./source/FMradioCPP.o
                0x0000000000000d44                PIN_INT3_IRQHandler
 .text.PIN_INT4_IRQHandler
                0x0000000000000dd0       0x8c ./source/FMradioCPP.o
                0x0000000000000dd0                PIN_INT4_IRQHandler
 .text.PIN_INT5_IRQHandler
                0x0000000000000e5c       0x9c ./source/FMradioCPP.o
                0x0000000000000e5c                PIN_INT5_IRQHandler
 .text.PIN_INT6_IRQHandler
                0x0000000000000ef8       0x9c ./source/FMradioCPP.o
                0x0000000000000ef8                PIN_INT6_IRQHandler
 .text._Z41__static_initialization_and_destruction_0ii
                0x0000000000000f94       0x48 ./source/FMradioCPP.o
 .text._GLOBAL__sub_I_station
                0x0000000000000fdc       0x18 ./source/FMradioCPP.o
 .text._ZN7Display9setCursorEhh
                0x0000000000000ff4       0x74 ./source/I2CDisplay.o
                0x0000000000000ff4                Display::setCursor(unsigned char, unsigned char)
 .text._ZN7Display11writeDeviceEh
                0x0000000000001068       0x74 ./source/I2CDisplay.o
                0x0000000000001068                Display::writeDevice(unsigned char)
 .text._Z10delayMillii
                0x00000000000010dc       0x4c ./source/arduino.o
                0x00000000000010dc                delayMilli(int)
 .text._Z7I2Cinitv
                0x0000000000001128       0x6c ./source/i2c.o
                0x0000000000001128                I2Cinit()
 .text._Z21I2C_MasterSetBaudRatemm
                0x0000000000001194       0xb4 ./source/i2c.o
                0x0000000000001194                I2C_MasterSetBaudRate(unsigned long, unsigned long)
 .text._Z12I2CChangePinhh
                0x0000000000001248       0x68 ./source/i2c.o
                0x0000000000001248                I2CChangePin(unsigned char, unsigned char)
 .text.HardFault_Handler
                0x00000000000012b0       0x30 ./source/semihost_hardfault.o
                0x00000000000012b0                HardFault_Handler
 .text._ZN5Tuner14StationToBytesEi
                0x00000000000012e0       0x40 ./source/tuner.o
                0x00000000000012e0                Tuner::StationToBytes(int)
 .text._ZN5Tuner16StationFromBytesEt
                0x0000000000001320       0x28 ./source/tuner.o
                0x0000000000001320                Tuner::StationFromBytes(unsigned short)
 .text._ZN5Tuner10readDeviceEv
                0x0000000000001348       0xc4 ./source/tuner.o
                0x0000000000001348                Tuner::readDevice()
 .text._ZN5Tuner11writeDeviceEv
                0x000000000000140c       0xd4 ./source/tuner.o
                0x000000000000140c                Tuner::writeDevice()
 .text.USART0_DriverIRQHandler
                0x00000000000014e0       0x24 ./drivers/fsl_usart.o
                0x00000000000014e0                USART0_DriverIRQHandler
 .text.USART1_DriverIRQHandler
                0x0000000000001504       0x24 ./drivers/fsl_usart.o
                0x0000000000001504                USART1_DriverIRQHandler
 .text.SystemInit
                0x0000000000001528       0x2c ./device/system_LPC802.o
                0x0000000000001528                SystemInit
 .text          0x0000000000001554      0x114 /Applications/MCUXpressoIDE_11.1.0_3209/ide/plugins/com.nxp.mcuxpresso.tools.macosx_11.1.0.201909161352/tools/bin/../lib/gcc/arm-none-eabi/8.3.1/thumb/v6-m/nofp/libgcc.a(_udivsi3.o)
                0x0000000000001554                __udivsi3
                0x0000000000001554                __aeabi_uidiv
                0x0000000000001660                __aeabi_uidivmod
 .text          0x0000000000001668      0x1d4 /Applications/MCUXpressoIDE_11.1.0_3209/ide/plugins/com.nxp.mcuxpresso.tools.macosx_11.1.0.201909161352/tools/bin/../lib/gcc/arm-none-eabi/8.3.1/thumb/v6-m/nofp/libgcc.a(_divsi3.o)
                0x0000000000001668                __aeabi_idiv
                0x0000000000001668                __divsi3
                0x0000000000001834                __aeabi_idivmod
 .text          0x000000000000183c        0x4 /Applications/MCUXpressoIDE_11.1.0_3209/ide/plugins/com.nxp.mcuxpresso.tools.macosx_11.1.0.201909161352/tools/bin/../lib/gcc/arm-none-eabi/8.3.1/thumb/v6-m/nofp/libgcc.a(_dvmd_tls.o)
                0x000000000000183c                __aeabi_ldiv0
                0x000000000000183c                __aeabi_idiv0
 .text.__libc_init_array
                0x0000000000001840       0x48 /Applications/MCUXpressoIDE_11.1.0_3209/ide/plugins/com.nxp.mcuxpresso.tools.macosx_11.1.0.201909161352/tools/bin/../lib/gcc/arm-none-eabi/8.3.1/../../../../arm-none-eabi/lib/thumb/v6-m/nofp/libc_nano.a(lib_a-init.o)
                0x0000000000001840                __libc_init_array
 .text._free_r  0x0000000000001888       0x94 /Applications/MCUXpressoIDE_11.1.0_3209/ide/plugins/com.nxp.mcuxpresso.tools.macosx_11.1.0.201909161352/tools/bin/../lib/gcc/arm-none-eabi/8.3.1/../../../../arm-none-eabi/lib/thumb/v6-m/nofp/libc_nano.a(lib_a-nano-freer.o)
                0x0000000000001888                _free_r
 .text._malloc_r
                0x000000000000191c       0xbc /Applications/MCUXpressoIDE_11.1.0_3209/ide/plugins/com.nxp.mcuxpresso.tools.macosx_11.1.0.201909161352/tools/bin/../lib/gcc/arm-none-eabi/8.3.1/../../../../arm-none-eabi/lib/thumb/v6-m/nofp/libc_nano.a(lib_a-nano-mallocr.o)
                0x000000000000191c                _malloc_r
 .text._printf_i
                0x00000000000019d8      0x214 /Applications/MCUXpressoIDE_11.1.0_3209/ide/plugins/com.nxp.mcuxpresso.tools.macosx_11.1.0.201909161352/tools/bin/../lib/gcc/arm-none-eabi/8.3.1/../../../../arm-none-eabi/lib/thumb/v6-m/nofp/libc_nano.a(lib_a-nano-vfprintf_i.o)
                0x00000000000019d8                _printf_i
 .text._sbrk_r  0x0000000000001bec       0x24 /Applications/MCUXpressoIDE_11.1.0_3209/ide/plugins/com.nxp.mcuxpresso.tools.macosx_11.1.0.201909161352/tools/bin/../lib/gcc/arm-none-eabi/8.3.1/../../../../arm-none-eabi/lib/thumb/v6-m/nofp/libc_nano.a(lib_a-sbrkr.o)
                0x0000000000001bec                _sbrk_r
 .text.sprintf  0x0000000000001c10       0x40 /Applications/MCUXpressoIDE_11.1.0_3209/ide/plugins/com.nxp.mcuxpresso.tools.macosx_11.1.0.201909161352/tools/bin/../lib/gcc/arm-none-eabi/8.3.1/../../../../arm-none-eabi/lib/thumb/v6-m/nofp/libc_nano.a(lib_a-sprintf.o)
                0x0000000000001c10                sprintf
                0x0000000000001c10                siprintf
 .text.__malloc_lock
                0x0000000000001c50       0x10 /Applications/MCUXpressoIDE_11.1.0_3209/ide/plugins/com.nxp.mcuxpresso.tools.macosx_11.1.0.201909161352/tools/bin/../lib/gcc/arm-none-eabi/8.3.1/../../../../arm-none-eabi/lib/thumb/v6-m/nofp/libc_nano.a(lib_a-mlock.o)
                0x0000000000001c50                __malloc_lock
 .text.__malloc_unlock
                0x0000000000001c60       0x10 /Applications/MCUXpressoIDE_11.1.0_3209/ide/plugins/com.nxp.mcuxpresso.tools.macosx_11.1.0.201909161352/tools/bin/../lib/gcc/arm-none-eabi/8.3.1/../../../../arm-none-eabi/lib/thumb/v6-m/nofp/libc_nano.a(lib_a-mlock.o)
                0x0000000000001c60                __malloc_unlock
 .text.__ssputs_r
                0x0000000000001c70       0xc4 /Applications/MCUXpressoIDE_11.1.0_3209/ide/plugins/com.nxp.mcuxpresso.tools.macosx_11.1.0.201909161352/tools/bin/../lib/gcc/arm-none-eabi/8.3.1/../../../../arm-none-eabi/lib/thumb/v6-m/nofp/libc_nano.a(lib_a-nano-svfprintf.o)
                0x0000000000001c70                __ssputs_r
 .text._svfprintf_r
                0x0000000000001d34      0x1fc /Applications/MCUXpressoIDE_11.1.0_3209/ide/plugins/com.nxp.mcuxpresso.tools.macosx_11.1.0.201909161352/tools/bin/../lib/gcc/arm-none-eabi/8.3.1/../../../../arm-none-eabi/lib/thumb/v6-m/nofp/libc_nano.a(lib_a-nano-svfprintf.o)
                0x0000000000001d34                _svfprintf_r
                0x0000000000001d34                _svfiprintf_r
 .text._sbrk    0x0000000000001f30       0x40 /Applications/MCUXpressoIDE_11.1.0_3209/ide/plugins/com.nxp.mcuxpresso.tools.macosx_11.1.0.201909161352/tools/bin/../lib/gcc/arm-none-eabi/8.3.1/../../../../arm-none-eabi/lib/thumb/v6-m/nofp/libcr_newlib_semihost.a(_cr_sbrk.o)
                0x0000000000001f30                _sbrk
 .text.__check_heap_overflow
                0x0000000000001f70       0x14 /Applications/MCUXpressoIDE_11.1.0_3209/ide/plugins/com.nxp.mcuxpresso.tools.macosx_11.1.0.201909161352/tools/bin/../lib/gcc/arm-none-eabi/8.3.1/../../../../arm-none-eabi/lib/thumb/v6-m/nofp/libcr_newlib_semihost.a(_cr_check_heap.o)
                0x0000000000001f70                __check_heap_overflow
 .text          0x0000000000001f84       0x48 /Applications/MCUXpressoIDE_11.1.0_3209/ide/plugins/com.nxp.mcuxpresso.tools.macosx_11.1.0.201909161352/tools/bin/../lib/gcc/arm-none-eabi/8.3.1/thumb/v6-m/nofp/crtbegin.o
 .text.__errno  0x0000000000001fcc        0xc /Applications/MCUXpressoIDE_11.1.0_3209/ide/plugins/com.nxp.mcuxpresso.tools.macosx_11.1.0.201909161352/tools/bin/../lib/gcc/arm-none-eabi/8.3.1/../../../../arm-none-eabi/lib/thumb/v6-m/nofp/libc_nano.a(lib_a-errno.o)
                0x0000000000001fcc                __errno
 .text._ZN5TunerC2Eh
                0x0000000000001fd8       0x6e ./source/FMradioCPP.o
                0x0000000000001fd8                Tuner::Tuner(unsigned char)
                0x0000000000001fd8                Tuner::Tuner(unsigned char)
 .text._ZN7DisplayC2Ehhhh
                0x0000000000002046       0x52 ./source/I2CDisplay.o
                0x0000000000002046                Display::Display(unsigned char, unsigned char, unsigned char, unsigned char)
                0x0000000000002046                Display::Display(unsigned char, unsigned char, unsigned char, unsigned char)
 .text._ZN7Display4initEv
                0x0000000000002098      0x142 ./source/I2CDisplay.o
                0x0000000000002098                Display::init()
 .text._ZN7Display11printStringEPc
                0x00000000000021da       0x4a ./source/I2CDisplay.o
                0x00000000000021da                Display::printString(char*)
 .text._ZN7Display5clearEv
                0x0000000000002224       0x24 ./source/I2CDisplay.o
                0x0000000000002224                Display::clear()
 .text._ZN7Display4homeEv
                0x0000000000002248       0x24 ./source/I2CDisplay.o
                0x0000000000002248                Display::home()
 .text._ZN7Display7displayEv
                0x000000000000226c       0x32 ./source/I2CDisplay.o
                0x000000000000226c                Display::display()
 .text._ZN7Display9backlightEv
                0x000000000000229e       0x16 ./source/I2CDisplay.o
                0x000000000000229e                Display::backlight()
 .text._ZN7Display5printEh
                0x00000000000022b4       0x24 ./source/I2CDisplay.o
                0x00000000000022b4                Display::print(unsigned char)
 .text._ZN7Display7commandEh
                0x00000000000022d8       0x24 ./source/I2CDisplay.o
                0x00000000000022d8                Display::command(unsigned char)
 .text._ZN7Display4sendEhh
                0x00000000000022fc       0x6a ./source/I2CDisplay.o
                0x00000000000022fc                Display::send(unsigned char, unsigned char)
 .text._ZN7Display14writeAndUpdateEh
                0x0000000000002366       0x66 ./source/I2CDisplay.o
                0x0000000000002366                Display::writeAndUpdate(unsigned char)
 .text._Z10delayMicroi
                0x00000000000023cc       0x32 ./source/arduino.o
                0x00000000000023cc                delayMicro(int)
 .text._Z18WaitI2CMasterStateP8I2C_Typem
                0x00000000000023fe       0x3e ./source/i2c.o
                0x00000000000023fe                WaitI2CMasterState(I2C_Type*, unsigned long)
 .text._ZN5Tuner10setStationEi
                0x000000000000243c       0x88 ./source/tuner.o
                0x000000000000243c                Tuner::setStation(int)
 .text._ZN5Tuner10getStationEv
                0x00000000000024c4       0x7a ./source/tuner.o
                0x00000000000024c4                Tuner::getStation()
 .text._ZN5Tuner9setVolumeEh
                0x000000000000253e       0x50 ./source/tuner.o
                0x000000000000253e                Tuner::setVolume(unsigned char)
 .text._ZN5Tuner17getSignalStrengthEv
                0x000000000000258e       0x18 ./source/tuner.o
                0x000000000000258e                Tuner::getSignalStrength()
 .text._ZN5Tuner6seekUpEv
                0x00000000000025a6       0x42 ./source/tuner.o
                0x00000000000025a6                Tuner::seekUp()
 .text._ZN5Tuner8seekDownEv
                0x00000000000025e8       0x42 ./source/tuner.o
                0x00000000000025e8                Tuner::seekDown()
 .text._ZN5Tuner10seekStatusEv
                0x000000000000262a       0x30 ./source/tuner.o
                0x000000000000262a                Tuner::seekStatus()
 .text._ZN5Tuner12seekCompleteEv
                0x000000000000265a       0x30 ./source/tuner.o
                0x000000000000265a                Tuner::seekComplete()
 .text._ZN5Tuner8STstatusEv
                0x000000000000268a       0x30 ./source/tuner.o
                0x000000000000268a                Tuner::STstatus()
 .text._ZN5Tuner9forceMonoEb
                0x00000000000026ba       0x44 ./source/tuner.o
                0x00000000000026ba                Tuner::forceMono(bool)
 .text._ZN5Tuner9bassBoostEb
                0x00000000000026fe       0x44 ./source/tuner.o
                0x00000000000026fe                Tuner::bassBoost(bool)
 .text._ZN5Tuner9resetChipEv
                0x0000000000002742       0x3e ./source/tuner.o
                0x0000000000002742                Tuner::resetChip()
 .text._ZN5Tuner10enableChipEv
                0x0000000000002780       0x26 ./source/tuner.o
                0x0000000000002780                Tuner::enableChip()
 .text._ZN5Tuner4initEv
                0x00000000000027a6       0x30 ./source/tuner.o
                0x00000000000027a6                Tuner::init()
 .text.SystemInitHook
                0x00000000000027d6        0xa ./device/system_LPC802.o
                0x00000000000027d6                SystemInitHook
 .text.memset   0x00000000000027e0       0x10 /Applications/MCUXpressoIDE_11.1.0_3209/ide/plugins/com.nxp.mcuxpresso.tools.macosx_11.1.0.201909161352/tools/bin/../lib/gcc/arm-none-eabi/8.3.1/../../../../arm-none-eabi/lib/thumb/v6-m/nofp/libc_nano.a(lib_a-memset.o)
                0x00000000000027e0                memset
 .text._printf_common
                0x00000000000027f0       0xda /Applications/MCUXpressoIDE_11.1.0_3209/ide/plugins/com.nxp.mcuxpresso.tools.macosx_11.1.0.201909161352/tools/bin/../lib/gcc/arm-none-eabi/8.3.1/../../../../arm-none-eabi/lib/thumb/v6-m/nofp/libc_nano.a(lib_a-nano-vfprintf_i.o)
                0x00000000000027f0                _printf_common
 .text.strcat   0x00000000000028ca       0x1c /Applications/MCUXpressoIDE_11.1.0_3209/ide/plugins/com.nxp.mcuxpresso.tools.macosx_11.1.0.201909161352/tools/bin/../lib/gcc/arm-none-eabi/8.3.1/../../../../arm-none-eabi/lib/thumb/v6-m/nofp/libc_nano.a(lib_a-strcat.o)
                0x00000000000028ca                strcat
 .text.strcpy   0x00000000000028e6       0x10 /Applications/MCUXpressoIDE_11.1.0_3209/ide/plugins/com.nxp.mcuxpresso.tools.macosx_11.1.0.201909161352/tools/bin/../lib/gcc/arm-none-eabi/8.3.1/../../../../arm-none-eabi/lib/thumb/v6-m/nofp/libc_nano.a(lib_a-strcpy.o)
                0x00000000000028e6                strcpy
 .text.__retarget_lock_acquire_recursive
                0x00000000000028f6        0x2 /Applications/MCUXpressoIDE_11.1.0_3209/ide/plugins/com.nxp.mcuxpresso.tools.macosx_11.1.0.201909161352/tools/bin/../lib/gcc/arm-none-eabi/8.3.1/../../../../arm-none-eabi/lib/thumb/v6-m/nofp/libc_nano.a(lib_a-lock.o)
                0x00000000000028f6                __retarget_lock_acquire_recursive
 .text.__retarget_lock_release_recursive
                0x00000000000028f8        0x2 /Applications/MCUXpressoIDE_11.1.0_3209/ide/plugins/com.nxp.mcuxpresso.tools.macosx_11.1.0.201909161352/tools/bin/../lib/gcc/arm-none-eabi/8.3.1/../../../../arm-none-eabi/lib/thumb/v6-m/nofp/libc_nano.a(lib_a-lock.o)
                0x00000000000028f8                __retarget_lock_release_recursive
 .text.memchr   0x00000000000028fa       0x16 /Applications/MCUXpressoIDE_11.1.0_3209/ide/plugins/com.nxp.mcuxpresso.tools.macosx_11.1.0.201909161352/tools/bin/../lib/gcc/arm-none-eabi/8.3.1/../../../../arm-none-eabi/lib/thumb/v6-m/nofp/libc_nano.a(lib_a-memchr-stub.o)
                0x00000000000028fa                memchr
 .text.memcpy   0x0000000000002910       0x12 /Applications/MCUXpressoIDE_11.1.0_3209/ide/plugins/com.nxp.mcuxpresso.tools.macosx_11.1.0.201909161352/tools/bin/../lib/gcc/arm-none-eabi/8.3.1/../../../../arm-none-eabi/lib/thumb/v6-m/nofp/libc_nano.a(lib_a-memcpy-stub.o)
                0x0000000000002910                memcpy
 .text.memmove  0x0000000000002922       0x26 /Applications/MCUXpressoIDE_11.1.0_3209/ide/plugins/com.nxp.mcuxpresso.tools.macosx_11.1.0.201909161352/tools/bin/../lib/gcc/arm-none-eabi/8.3.1/../../../../arm-none-eabi/lib/thumb/v6-m/nofp/libc_nano.a(lib_a-memmove.o)
                0x0000000000002922                memmove
 .text._realloc_r
                0x0000000000002948       0x4c /Applications/MCUXpressoIDE_11.1.0_3209/ide/plugins/com.nxp.mcuxpresso.tools.macosx_11.1.0.201909161352/tools/bin/../lib/gcc/arm-none-eabi/8.3.1/../../../../arm-none-eabi/lib/thumb/v6-m/nofp/libc_nano.a(lib_a-nano-reallocr.o)
                0x0000000000002948                _realloc_r
 .text._malloc_usable_size_r
                0x0000000000002994       0x10 /Applications/MCUXpressoIDE_11.1.0_3209/ide/plugins/com.nxp.mcuxpresso.tools.macosx_11.1.0.201909161352/tools/bin/../lib/gcc/arm-none-eabi/8.3.1/../../../../arm-none-eabi/lib/thumb/v6-m/nofp/libc_nano.a(lib_a-nano-msizer.o)
                0x0000000000002994                _malloc_usable_size_r
 *(SORT_BY_ALIGNMENT(.rodata) SORT_BY_ALIGNMENT(.rodata.*) SORT_BY_ALIGNMENT(.constdata) SORT_BY_ALIGNMENT(.constdata.*))
 .rodata.main.str1.4
                0x00000000000029a4        0xb ./source/FMradioCPP.o
 *fill*         0x00000000000029af        0x1 ff
 .rodata.SysTick_Handler.str1.4
                0x00000000000029b0       0x91 ./source/FMradioCPP.o
 *fill*         0x0000000000002a41        0x3 ff
 .rodata        0x0000000000002a44       0x15 ./source/FMradioCPP.o
 *fill*         0x0000000000002a59        0x3 ff
 .rodata.PIN_INT1_IRQHandler.str1.4
                0x0000000000002a5c        0x8 ./source/FMradioCPP.o
                                          0x7 (size before relaxing)
 .rodata        0x0000000000002a64       0x10 ./source/I2CDisplay.o
 .rodata.__sf_fake_stderr
                0x0000000000002a74       0x20 /Applications/MCUXpressoIDE_11.1.0_3209/ide/plugins/com.nxp.mcuxpresso.tools.macosx_11.1.0.201909161352/tools/bin/../lib/gcc/arm-none-eabi/8.3.1/../../../../arm-none-eabi/lib/thumb/v6-m/nofp/libc_nano.a(lib_a-findfp.o)
                0x0000000000002a74                __sf_fake_stderr
 .rodata.__sf_fake_stdin
                0x0000000000002a94       0x20 /Applications/MCUXpressoIDE_11.1.0_3209/ide/plugins/com.nxp.mcuxpresso.tools.macosx_11.1.0.201909161352/tools/bin/../lib/gcc/arm-none-eabi/8.3.1/../../../../arm-none-eabi/lib/thumb/v6-m/nofp/libc_nano.a(lib_a-findfp.o)
                0x0000000000002a94                __sf_fake_stdin
 .rodata.__sf_fake_stdout
                0x0000000000002ab4       0x20 /Applications/MCUXpressoIDE_11.1.0_3209/ide/plugins/com.nxp.mcuxpresso.tools.macosx_11.1.0.201909161352/tools/bin/../lib/gcc/arm-none-eabi/8.3.1/../../../../arm-none-eabi/lib/thumb/v6-m/nofp/libc_nano.a(lib_a-findfp.o)
                0x0000000000002ab4                __sf_fake_stdout
 .rodata._printf_i.str1.1
                0x0000000000002ad4       0x22 /Applications/MCUXpressoIDE_11.1.0_3209/ide/plugins/com.nxp.mcuxpresso.tools.macosx_11.1.0.201909161352/tools/bin/../lib/gcc/arm-none-eabi/8.3.1/../../../../arm-none-eabi/lib/thumb/v6-m/nofp/libc_nano.a(lib_a-nano-vfprintf_i.o)
 .rodata._svfprintf_r.str1.1
                0x0000000000002af6       0x11 /Applications/MCUXpressoIDE_11.1.0_3209/ide/plugins/com.nxp.mcuxpresso.tools.macosx_11.1.0.201909161352/tools/bin/../lib/gcc/arm-none-eabi/8.3.1/../../../../arm-none-eabi/lib/thumb/v6-m/nofp/libc_nano.a(lib_a-nano-svfprintf.o)
                0x0000000000002b08                . = ALIGN (0x4)
 *fill*         0x0000000000002b07        0x1 ff
                0x0000000000002b08                . = ALIGN (0x4)
 *(SORT_BY_ALIGNMENT(.init))
 .init          0x0000000000002b08        0x4 /Applications/MCUXpressoIDE_11.1.0_3209/ide/plugins/com.nxp.mcuxpresso.tools.macosx_11.1.0.201909161352/tools/bin/../lib/gcc/arm-none-eabi/8.3.1/thumb/v6-m/nofp/crti.o
                0x0000000000002b08                _init
 .init          0x0000000000002b0c        0x8 /Applications/MCUXpressoIDE_11.1.0_3209/ide/plugins/com.nxp.mcuxpresso.tools.macosx_11.1.0.201909161352/tools/bin/../lib/gcc/arm-none-eabi/8.3.1/thumb/v6-m/nofp/crtn.o
                0x0000000000002b14                . = ALIGN (0x4)
                0x0000000000002b14                __preinit_array_start = .
 *(SORT_BY_ALIGNMENT(.preinit_array))
                0x0000000000002b14                __preinit_array_end = .
                0x0000000000002b14                . = ALIGN (0x4)
                0x0000000000002b14                __init_array_start = .
 *(SORT_BY_NAME(SORT_BY_ALIGNMENT(.init_array.*)))
 *(SORT_BY_ALIGNMENT(.init_array))
 .init_array    0x0000000000002b14        0x4 ./source/FMradioCPP.o
 .init_array    0x0000000000002b18        0x4 /Applications/MCUXpressoIDE_11.1.0_3209/ide/plugins/com.nxp.mcuxpresso.tools.macosx_11.1.0.201909161352/tools/bin/../lib/gcc/arm-none-eabi/8.3.1/thumb/v6-m/nofp/crtbegin.o
                0x0000000000002b1c                __init_array_end = .
 *(SORT_BY_ALIGNMENT(.fini))
 .fini          0x0000000000002b1c        0x4 /Applications/MCUXpressoIDE_11.1.0_3209/ide/plugins/com.nxp.mcuxpresso.tools.macosx_11.1.0.201909161352/tools/bin/../lib/gcc/arm-none-eabi/8.3.1/thumb/v6-m/nofp/crti.o
                0x0000000000002b1c                _fini
 .fini          0x0000000000002b20        0x8 /Applications/MCUXpressoIDE_11.1.0_3209/ide/plugins/com.nxp.mcuxpresso.tools.macosx_11.1.0.201909161352/tools/bin/../lib/gcc/arm-none-eabi/8.3.1/thumb/v6-m/nofp/crtn.o
                0x0000000000002b28                . = ALIGN (0x4)
 *crtbegin.o(SORT_BY_ALIGNMENT(.ctors))
 *(SORT_BY_ALIGNMENT(EXCLUDE_FILE(*crtend.o) .ctors))
 *(SORT_BY_NAME(SORT_BY_ALIGNMENT(.ctors.*)))
 *crtend.o(SORT_BY_ALIGNMENT(.ctors))
                0x0000000000002b28                . = ALIGN (0x4)
 *crtbegin.o(SORT_BY_ALIGNMENT(.dtors))
 *(SORT_BY_ALIGNMENT(EXCLUDE_FILE(*crtend.o) .dtors))
 *(SORT_BY_NAME(SORT_BY_ALIGNMENT(.dtors.*)))
 *crtend.o(SORT_BY_ALIGNMENT(.dtors))
                0x0000000000002b28                . = ALIGN (0x4)

.glue_7         0x0000000000002b28        0x0
 .glue_7        0x0000000000002b28        0x0 linker stubs

.glue_7t        0x0000000000002b28        0x0
 .glue_7t       0x0000000000002b28        0x0 linker stubs

.vfp11_veneer   0x0000000000002b28        0x0
 .vfp11_veneer  0x0000000000002b28        0x0 linker stubs

.v4_bx          0x0000000000002b28        0x0
 .v4_bx         0x0000000000002b28        0x0 linker stubs

.iplt           0x0000000000002b28        0x0
 .iplt          0x0000000000002b28        0x0 ./startup/startup_lpc802.o

.rel.dyn        0x0000000000002b28        0x0
 .rel.iplt      0x0000000000002b28        0x0 ./startup/startup_lpc802.o

.eh_frame       0x0000000000002b28        0x0
 .eh_frame      0x0000000000002b28        0x0 /Applications/MCUXpressoIDE_11.1.0_3209/ide/plugins/com.nxp.mcuxpresso.tools.macosx_11.1.0.201909161352/tools/bin/../lib/gcc/arm-none-eabi/8.3.1/thumb/v6-m/nofp/crtbegin.o

.ARM.extab
 *(SORT_BY_ALIGNMENT(.ARM.extab*) SORT_BY_ALIGNMENT(.gnu.linkonce.armextab.*))
                0x0000000000002b28                __exidx_start = .

.ARM.exidx
 *(SORT_BY_ALIGNMENT(.ARM.exidx*) SORT_BY_ALIGNMENT(.gnu.linkonce.armexidx.*))
                0x0000000000002b28                __exidx_end = .
                0x0000000000002b28                _etext = .

.data_RAM2      0x00000000100007e0        0x0 load address 0x0000000000002b28
 FILL mask 0xff
                [!provide]                        PROVIDE (__start_data_RAM2 = .)
                [!provide]                        PROVIDE (__start_data_IAP_SRAM = .)
 *(SORT_BY_ALIGNMENT(.ramfunc.$RAM2))
 *(SORT_BY_ALIGNMENT(.ramfunc.$IAP_SRAM))
 *(SORT_BY_ALIGNMENT(.data.$RAM2))
 *(SORT_BY_ALIGNMENT(.data.$IAP_SRAM))
 *(SORT_BY_ALIGNMENT(.data.$RAM2.*))
 *(SORT_BY_ALIGNMENT(.data.$IAP_SRAM.*))
                0x00000000100007e0                . = ALIGN (0x4)
                [!provide]                        PROVIDE (__end_data_RAM2 = .)
                [!provide]                        PROVIDE (__end_data_IAP_SRAM = .)

.uninit_RESERVED
                0x0000000010000000        0x0
                0x0000000010000000                _start_uninit_RESERVED = .
 *(SORT_BY_ALIGNMENT(.bss.$RESERVED*))
                0x0000000010000000                . = ALIGN (0x4)
                0x0000000010000000                _end_uninit_RESERVED = .

.data           0x0000000010000000       0xa0 load address 0x0000000000002b28
 FILL mask 0xff
                0x0000000010000000                _data = .
                [!provide]                        PROVIDE (__start_data_RAM = .)
                [!provide]                        PROVIDE (__start_data_SRAM = .)
 *(SORT_BY_ALIGNMENT(vtable))
 *(SORT_BY_ALIGNMENT(.ramfunc*))
 *(SORT_BY_ALIGNMENT(CodeQuickAccess))
 *(SORT_BY_ALIGNMENT(DataQuickAccess))
 *(SORT_BY_ALIGNMENT(RamFunction))
 *(SORT_BY_ALIGNMENT(.data*))
 .data.station  0x0000000010000000        0x4 ./source/FMradioCPP.o
                0x0000000010000000                station
 .data.readStation
                0x0000000010000004        0x4 ./source/FMradioCPP.o
                0x0000000010000004                readStation
 .data.volume   0x0000000010000008        0x4 ./source/FMradioCPP.o
                0x0000000010000008                volume
 .data.mode     0x000000001000000c        0x4 ./source/FMradioCPP.o
                0x000000001000000c                mode
 .data.presets  0x0000000010000010       0x10 ./source/FMradioCPP.o
                0x0000000010000010                presets
 .data.notificationString
                0x0000000010000020       0x14 ./source/FMradioCPP.o
                0x0000000010000020                notificationString
 .data.SystemCoreClock
                0x0000000010000034        0x4 ./device/system_LPC802.o
                0x0000000010000034                SystemCoreClock
 .data._impure_ptr
                0x0000000010000038        0x4 /Applications/MCUXpressoIDE_11.1.0_3209/ide/plugins/com.nxp.mcuxpresso.tools.macosx_11.1.0.201909161352/tools/bin/../lib/gcc/arm-none-eabi/8.3.1/../../../../arm-none-eabi/lib/thumb/v6-m/nofp/libc_nano.a(lib_a-impure.o)
                0x0000000010000038                _impure_ptr
 .data.impure_data
                0x000000001000003c       0x60 /Applications/MCUXpressoIDE_11.1.0_3209/ide/plugins/com.nxp.mcuxpresso.tools.macosx_11.1.0.201909161352/tools/bin/../lib/gcc/arm-none-eabi/8.3.1/../../../../arm-none-eabi/lib/thumb/v6-m/nofp/libc_nano.a(lib_a-impure.o)
 .data.triggerPresetChange
                0x000000001000009c        0x1 ./source/FMradioCPP.o
                0x000000001000009c                triggerPresetChange
                0x00000000100000a0                . = ALIGN (0x4)
 *fill*         0x000000001000009d        0x3 ff
                0x00000000100000a0                _edata = .
                [!provide]                        PROVIDE (__end_data_RAM = .)
                [!provide]                        PROVIDE (__end_data_SRAM = .)

.igot.plt       0x00000000100000a0        0x0 load address 0x0000000000002bc8
 .igot.plt      0x00000000100000a0        0x0 ./startup/startup_lpc802.o

.bss_RAM2       0x00000000100007e0        0x0
                [!provide]                        PROVIDE (__start_bss_RAM2 = .)
                [!provide]                        PROVIDE (__start_bss_IAP_SRAM = .)
 *(SORT_BY_ALIGNMENT(.bss.$RAM2))
 *(SORT_BY_ALIGNMENT(.bss.$IAP_SRAM))
 *(SORT_BY_ALIGNMENT(.bss.$RAM2.*))
 *(SORT_BY_ALIGNMENT(.bss.$IAP_SRAM.*))
                0x00000000100007e0                . = ALIGN ((. != 0x0)?0x4:0x1)
                [!provide]                        PROVIDE (__end_bss_RAM2 = .)
                [!provide]                        PROVIDE (__end_bss_IAP_SRAM = .)

.bss            0x00000000100000a0      0x114
                0x00000000100000a0                _bss = .
                [!provide]                        PROVIDE (__start_bss_RAM = .)
                [!provide]                        PROVIDE (__start_bss_SRAM = .)
 *(SORT_BY_ALIGNMENT(.bss*))
 .bss.rssi      0x00000000100000a0        0x4 ./source/FMradioCPP.o
                0x00000000100000a0                rssi
 .bss.preset    0x00000000100000a4        0x4 ./source/FMradioCPP.o
                0x00000000100000a4                preset
 .bss.stationString
                0x00000000100000a8       0x28 ./source/FMradioCPP.o
                0x00000000100000a8                stationString
 .bss.volumeString
                0x00000000100000d0       0x28 ./source/FMradioCPP.o
                0x00000000100000d0                volumeString
 .bss.stereoString
                0x00000000100000f8       0x14 ./source/FMradioCPP.o
                0x00000000100000f8                stereoString
 .bss.rssiString
                0x000000001000010c       0x14 ./source/FMradioCPP.o
                0x000000001000010c                rssiString
 .bss.presetString
                0x0000000010000120       0x19 ./source/FMradioCPP.o
                0x0000000010000120                presetString
 *fill*         0x0000000010000139        0x3 
 .bss.triggerScan
                0x000000001000013c        0x4 ./source/FMradioCPP.o
                0x000000001000013c                triggerScan
 .bss.tuner     0x0000000010000140       0x19 ./source/FMradioCPP.o
                0x0000000010000140                tuner
 *fill*         0x0000000010000159        0x3 
 .bss.display   0x000000001000015c        0x8 ./source/FMradioCPP.o
                0x000000001000015c                display
 .bss._ZZ4mainE1i
                0x0000000010000164        0x4 ./source/FMradioCPP.o
 .bss.s_usartHandle
                0x0000000010000168        0x8 ./drivers/fsl_usart.o
 .bss.s_usartIsr
                0x0000000010000170        0x4 ./drivers/fsl_usart.o
 .bss.__malloc_free_list
                0x0000000010000174        0x4 /Applications/MCUXpressoIDE_11.1.0_3209/ide/plugins/com.nxp.mcuxpresso.tools.macosx_11.1.0.201909161352/tools/bin/../lib/gcc/arm-none-eabi/8.3.1/../../../../arm-none-eabi/lib/thumb/v6-m/nofp/libc_nano.a(lib_a-nano-mallocr.o)
                0x0000000010000174                __malloc_free_list
 .bss.__malloc_sbrk_start
                0x0000000010000178        0x4 /Applications/MCUXpressoIDE_11.1.0_3209/ide/plugins/com.nxp.mcuxpresso.tools.macosx_11.1.0.201909161352/tools/bin/../lib/gcc/arm-none-eabi/8.3.1/../../../../arm-none-eabi/lib/thumb/v6-m/nofp/libc_nano.a(lib_a-nano-mallocr.o)
                0x0000000010000178                __malloc_sbrk_start
 .bss.__end_of_heap
                0x000000001000017c        0x4 /Applications/MCUXpressoIDE_11.1.0_3209/ide/plugins/com.nxp.mcuxpresso.tools.macosx_11.1.0.201909161352/tools/bin/../lib/gcc/arm-none-eabi/8.3.1/../../../../arm-none-eabi/lib/thumb/v6-m/nofp/libcr_newlib_semihost.a(_cr_sbrk.o)
                0x000000001000017c                __end_of_heap
 .bss           0x0000000010000180       0x1c /Applications/MCUXpressoIDE_11.1.0_3209/ide/plugins/com.nxp.mcuxpresso.tools.macosx_11.1.0.201909161352/tools/bin/../lib/gcc/arm-none-eabi/8.3.1/thumb/v6-m/nofp/crtbegin.o
 .bss.forceClear
                0x000000001000019c        0x1 ./source/FMradioCPP.o
                0x000000001000019c                forceClear
 .bss.triggerTune
                0x000000001000019d        0x1 ./source/FMradioCPP.o
                0x000000001000019d                triggerTune
 .bss.triggerVolume
                0x000000001000019e        0x1 ./source/FMradioCPP.o
                0x000000001000019e                triggerVolume
 .bss.rotaryWait
                0x000000001000019f        0x1 ./source/FMradioCPP.o
                0x000000001000019f                rotaryWait
 .bss.triggerWaitForScanComplete
                0x00000000100001a0        0x1 ./source/FMradioCPP.o
                0x00000000100001a0                triggerWaitForScanComplete
 *(SORT_BY_ALIGNMENT(COMMON))
 *fill*         0x00000000100001a1        0x3 
 COMMON         0x00000000100001a4        0x4 /Applications/MCUXpressoIDE_11.1.0_3209/ide/plugins/com.nxp.mcuxpresso.tools.macosx_11.1.0.201909161352/tools/bin/../lib/gcc/arm-none-eabi/8.3.1/../../../../arm-none-eabi/lib/thumb/v6-m/nofp/libc_nano.a(lib_a-reent.o)
                0x00000000100001a4                errno
 COMMON         0x00000000100001a8        0x9 /Applications/MCUXpressoIDE_11.1.0_3209/ide/plugins/com.nxp.mcuxpresso.tools.macosx_11.1.0.201909161352/tools/bin/../lib/gcc/arm-none-eabi/8.3.1/../../../../arm-none-eabi/lib/thumb/v6-m/nofp/libc_nano.a(lib_a-lock.o)
                0x00000000100001a8                __lock___atexit_recursive_mutex
                0x00000000100001a9                __lock___arc4random_mutex
                0x00000000100001aa                __lock___env_recursive_mutex
                0x00000000100001ab                __lock___sinit_recursive_mutex
                0x00000000100001ac                __lock___malloc_recursive_mutex
                0x00000000100001ad                __lock___at_quick_exit_mutex
                0x00000000100001ae                __lock___dd_hash_mutex
                0x00000000100001af                __lock___tz_mutex
                0x00000000100001b0                __lock___sfp_recursive_mutex
                0x00000000100001b4                . = ALIGN (0x4)
 *fill*         0x00000000100001b1        0x3 
                0x00000000100001b4                _ebss = .
                [!provide]                        PROVIDE (__end_bss_RAM = .)
                [!provide]                        PROVIDE (__end_bss_SRAM = .)
                [!provide]                        PROVIDE (end = .)

.noinit_RAM2    0x00000000100007e0        0x0
                [!provide]                        PROVIDE (__start_noinit_RAM2 = .)
                [!provide]                        PROVIDE (__start_noinit_IAP_SRAM = .)
 *(SORT_BY_ALIGNMENT(.noinit.$RAM2))
 *(SORT_BY_ALIGNMENT(.noinit.$IAP_SRAM))
 *(SORT_BY_ALIGNMENT(.noinit.$RAM2.*))
 *(SORT_BY_ALIGNMENT(.noinit.$IAP_SRAM.*))
                0x00000000100007e0                . = ALIGN (0x4)
                [!provide]                        PROVIDE (__end_noinit_RAM2 = .)
                [!provide]                        PROVIDE (__end_noinit_IAP_SRAM = .)

.noinit         0x00000000100001b4        0x0
                0x00000000100001b4                _noinit = .
                [!provide]                        PROVIDE (__start_noinit_RAM = .)
                [!provide]                        PROVIDE (__start_noinit_SRAM = .)
 *(SORT_BY_ALIGNMENT(.noinit*))
                0x00000000100001b4                . = ALIGN (0x4)
                0x00000000100001b4                _end_noinit = .
                [!provide]                        PROVIDE (__end_noinit_RAM = .)
                [!provide]                        PROVIDE (__end_noinit_SRAM = .)
                0x0000000000000080                _HeapSize = 0x80

.heap           0x00000000100001b4       0x80
                0x00000000100001b4                _pvHeapStart = .
                0x0000000010000234                . = (. + _HeapSize)
 *fill*         0x00000000100001b4       0x80 
                0x0000000010000234                . = ALIGN (0x4)
                0x0000000010000234                _pvHeapLimit = .
                0x0000000000000080                _StackSize = 0x80

.heap2stackfill
                0x0000000010000234       0x80
                0x00000000100002b4                . = (. + _StackSize)
 *fill*         0x0000000010000234       0x80 

.stack          0x0000000010000760        0x0
                0x0000000010000760                _vStackBase = .
                0x0000000010000760                . = ALIGN (0x4)
                0x00000000100007e0                _vStackTop = (. + _StackSize)
                0xffffffffefffe31f                PROVIDE (__valid_user_code_checksum = (0x0 - (((_vStackTop + (ResetISR + 0x1)) + (DEFINED (NMI_Handler)?NMI_Handler:M0_NMI_Handler + 0x1)) + (DEFINED (HardFault_Handler)?HardFault_Handler:M0_HardFault_Handler + 0x1))))
                0x0000000000000000                _image_start = LOADADDR (.text)
                0x0000000000002bc8                _image_end = (LOADADDR (.data) + SIZEOF (.data))
                0x0000000000002bc8                _image_size = (_image_end - _image_start)
OUTPUT(FMradioCPP.axf elf32-littlearm)

.debug_info     0x0000000000000000     0xe306
 .debug_info    0x0000000000000000      0x481 ./startup/startup_lpc802.o
 .debug_info    0x0000000000000481     0x1d78 ./source/FMradioCPP.o
 .debug_info    0x00000000000021f9     0x1093 ./source/I2CDisplay.o
 .debug_info    0x000000000000328c      0x204 ./source/arduino.o
 .debug_info    0x0000000000003490     0x414a ./source/i2c.o
 .debug_info    0x00000000000075da       0x3c ./source/semihost_hardfault.o
 .debug_info    0x0000000000007616     0x4398 ./source/tuner.o
 .debug_info    0x000000000000b9ae     0x23ce ./drivers/fsl_usart.o
 .debug_info    0x000000000000dd7c      0x58a ./device/system_LPC802.o

.debug_abbrev   0x0000000000000000     0x1842
 .debug_abbrev  0x0000000000000000      0x172 ./startup/startup_lpc802.o
 .debug_abbrev  0x0000000000000172      0x47a ./source/FMradioCPP.o
 .debug_abbrev  0x00000000000005ec      0x321 ./source/I2CDisplay.o
 .debug_abbrev  0x000000000000090d      0x11e ./source/arduino.o
 .debug_abbrev  0x0000000000000a2b      0x435 ./source/i2c.o
 .debug_abbrev  0x0000000000000e60       0x31 ./source/semihost_hardfault.o
 .debug_abbrev  0x0000000000000e91      0x488 ./source/tuner.o
 .debug_abbrev  0x0000000000001319      0x3dd ./drivers/fsl_usart.o
 .debug_abbrev  0x00000000000016f6      0x14c ./device/system_LPC802.o

.debug_aranges  0x0000000000000000      0x530
 .debug_aranges
                0x0000000000000000      0x160 ./startup/startup_lpc802.o
 .debug_aranges
                0x0000000000000160       0x98 ./source/FMradioCPP.o
 .debug_aranges
                0x00000000000001f8       0x90 ./source/I2CDisplay.o
 .debug_aranges
                0x0000000000000288       0x40 ./source/arduino.o
 .debug_aranges
                0x00000000000002c8       0x38 ./source/i2c.o
 .debug_aranges
                0x0000000000000300       0x20 ./source/semihost_hardfault.o
 .debug_aranges
                0x0000000000000320       0xd0 ./source/tuner.o
 .debug_aranges
                0x00000000000003f0      0x110 ./drivers/fsl_usart.o
 .debug_aranges
                0x0000000000000500       0x30 ./device/system_LPC802.o

.debug_ranges   0x0000000000000000      0x4a0
 .debug_ranges  0x0000000000000000      0x150 ./startup/startup_lpc802.o
 .debug_ranges  0x0000000000000150       0x88 ./source/FMradioCPP.o
 .debug_ranges  0x00000000000001d8       0x80 ./source/I2CDisplay.o
 .debug_ranges  0x0000000000000258       0x30 ./source/arduino.o
 .debug_ranges  0x0000000000000288       0x28 ./source/i2c.o
 .debug_ranges  0x00000000000002b0       0x10 ./source/semihost_hardfault.o
 .debug_ranges  0x00000000000002c0       0xc0 ./source/tuner.o
 .debug_ranges  0x0000000000000380      0x100 ./drivers/fsl_usart.o
 .debug_ranges  0x0000000000000480       0x20 ./device/system_LPC802.o

.debug_macro    0x0000000000000000     0x31b6
 .debug_macro   0x0000000000000000       0x2a ./startup/startup_lpc802.o
 .debug_macro   0x000000000000002a      0xb74 ./startup/startup_lpc802.o
 .debug_macro   0x0000000000000b9e      0x2a3 ./source/FMradioCPP.o
 .debug_macro   0x0000000000000e41       0x34 ./source/FMradioCPP.o
 .debug_macro   0x0000000000000e75       0x16 ./source/FMradioCPP.o
 .debug_macro   0x0000000000000e8b       0x97 ./source/FMradioCPP.o
 .debug_macro   0x0000000000000f22      0x35c ./source/FMradioCPP.o
 .debug_macro   0x000000000000127e      0x104 ./source/FMradioCPP.o
 .debug_macro   0x0000000000001382       0x10 ./source/FMradioCPP.o
 .debug_macro   0x0000000000001392       0x43 ./source/FMradioCPP.o
 .debug_macro   0x00000000000013d5      0x137 ./source/FMradioCPP.o
 .debug_macro   0x000000000000150c      0x3ad ./source/FMradioCPP.o
 .debug_macro   0x00000000000018b9       0x64 ./source/FMradioCPP.o
 .debug_macro   0x000000000000191d      0x130 ./source/FMradioCPP.o
 .debug_macro   0x0000000000001a4d      0x10c ./source/FMradioCPP.o
 .debug_macro   0x0000000000001b59       0x35 ./source/FMradioCPP.o
 .debug_macro   0x0000000000001b8e      0x211 ./source/I2CDisplay.o
 .debug_macro   0x0000000000001d9f       0xae ./source/I2CDisplay.o
 .debug_macro   0x0000000000001e4d      0x356 ./source/I2CDisplay.o
 .debug_macro   0x00000000000021a3       0x77 ./source/arduino.o
 .debug_macro   0x000000000000221a      0x363 ./source/i2c.o
 .debug_macro   0x000000000000257d       0x16 ./source/i2c.o
 .debug_macro   0x0000000000002593       0x16 ./source/i2c.o
 .debug_macro   0x00000000000025a9       0x10 ./source/i2c.o
 .debug_macro   0x00000000000025b9       0x22 ./source/i2c.o
 .debug_macro   0x00000000000025db       0x18 ./source/i2c.o
 .debug_macro   0x00000000000025f3      0x1a2 ./source/i2c.o
 .debug_macro   0x0000000000002795      0x3cd ./source/i2c.o
 .debug_macro   0x0000000000002b62       0x4c ./source/i2c.o
 .debug_macro   0x0000000000002bae       0x11 ./source/semihost_hardfault.o
 .debug_macro   0x0000000000002bbf      0x36c ./source/tuner.o
 .debug_macro   0x0000000000002f2b      0x1f6 ./drivers/fsl_usart.o
 .debug_macro   0x0000000000003121       0x16 ./drivers/fsl_usart.o
 .debug_macro   0x0000000000003137       0x7f ./device/system_LPC802.o

.debug_line     0x0000000000000000     0x4106
 .debug_line    0x0000000000000000      0x201 ./startup/startup_lpc802.o
 .debug_line    0x0000000000000201      0xc0c ./source/FMradioCPP.o
 .debug_line    0x0000000000000e0d      0x771 ./source/I2CDisplay.o
 .debug_line    0x000000000000157e      0x296 ./source/arduino.o
 .debug_line    0x0000000000001814      0xa9b ./source/i2c.o
 .debug_line    0x00000000000022af       0x5a ./source/semihost_hardfault.o
 .debug_line    0x0000000000002309      0xdb0 ./source/tuner.o
 .debug_line    0x00000000000030b9      0xe18 ./drivers/fsl_usart.o
 .debug_line    0x0000000000003ed1      0x235 ./device/system_LPC802.o

.debug_str      0x0000000000000000    0x2dbfb
 .debug_str     0x0000000000000000     0x35aa ./startup/startup_lpc802.o
                                       0x35cc (size before relaxing)
 .debug_str     0x00000000000035aa    0x23f70 ./source/FMradioCPP.o
                                      0x274f9 (size before relaxing)
 .debug_str     0x000000000002751a       0xe7 ./source/I2CDisplay.o
                                      0x26663 (size before relaxing)
 .debug_str     0x0000000000027601       0x9b ./source/arduino.o
                                      0x219bc (size before relaxing)
 .debug_str     0x000000000002769c     0x4a23 ./source/i2c.o
                                      0x2aed2 (size before relaxing)
 .debug_str     0x000000000002c0bf      0x1ef ./source/semihost_hardfault.o
                                       0x2d90 (size before relaxing)
 .debug_str     0x000000000002c2ae       0x38 ./source/tuner.o
                                      0x2b1ec (size before relaxing)
 .debug_str     0x000000000002c2e6     0x18cb ./drivers/fsl_usart.o
                                      0x27f95 (size before relaxing)
 .debug_str     0x000000000002dbb1       0x4a ./device/system_LPC802.o
                                      0x2201b (size before relaxing)

.comment        0x0000000000000000       0x76
 .comment       0x0000000000000000       0x76 ./startup/startup_lpc802.o
                                         0x77 (size before relaxing)
 .comment       0x0000000000000076       0x77 ./source/FMradioCPP.o
 .comment       0x0000000000000076       0x77 ./source/I2CDisplay.o
 .comment       0x0000000000000076       0x77 ./source/arduino.o
 .comment       0x0000000000000076       0x77 ./source/i2c.o
 .comment       0x0000000000000076       0x77 ./source/semihost_hardfault.o
 .comment       0x0000000000000076       0x77 ./source/tuner.o
 .comment       0x0000000000000076       0x77 ./drivers/fsl_usart.o
 .comment       0x0000000000000076       0x77 ./device/system_LPC802.o
 .comment       0x0000000000000076       0x77 /Applications/MCUXpressoIDE_11.1.0_3209/ide/plugins/com.nxp.mcuxpresso.tools.macosx_11.1.0.201909161352/tools/bin/../lib/gcc/arm-none-eabi/8.3.1/../../../../arm-none-eabi/lib/thumb/v6-m/nofp/libcr_newlib_semihost.a(_cr_sbrk.o)
 .comment       0x0000000000000076       0x77 /Applications/MCUXpressoIDE_11.1.0_3209/ide/plugins/com.nxp.mcuxpresso.tools.macosx_11.1.0.201909161352/tools/bin/../lib/gcc/arm-none-eabi/8.3.1/../../../../arm-none-eabi/lib/thumb/v6-m/nofp/libcr_newlib_semihost.a(_cr_check_heap.o)

.ARM.attributes
                0x0000000000000000       0x2a
 .ARM.attributes
                0x0000000000000000       0x2c ./startup/startup_lpc802.o
 .ARM.attributes
                0x000000000000002c       0x2c ./source/FMradioCPP.o
 .ARM.attributes
                0x0000000000000058       0x2c ./source/I2CDisplay.o
 .ARM.attributes
                0x0000000000000084       0x2c ./source/arduino.o
 .ARM.attributes
                0x00000000000000b0       0x2c ./source/i2c.o
 .ARM.attributes
                0x00000000000000dc       0x2c ./source/semihost_hardfault.o
 .ARM.attributes
                0x0000000000000108       0x2c ./source/tuner.o
 .ARM.attributes
                0x0000000000000134       0x2c ./drivers/fsl_usart.o
 .ARM.attributes
                0x0000000000000160       0x2c ./device/system_LPC802.o
 .ARM.attributes
                0x000000000000018c       0x1e /Applications/MCUXpressoIDE_11.1.0_3209/ide/plugins/com.nxp.mcuxpresso.tools.macosx_11.1.0.201909161352/tools/bin/../lib/gcc/arm-none-eabi/8.3.1/thumb/v6-m/nofp/libgcc.a(_udivsi3.o)
 .ARM.attributes
                0x00000000000001aa       0x1e /Applications/MCUXpressoIDE_11.1.0_3209/ide/plugins/com.nxp.mcuxpresso.tools.macosx_11.1.0.201909161352/tools/bin/../lib/gcc/arm-none-eabi/8.3.1/thumb/v6-m/nofp/libgcc.a(_divsi3.o)
 .ARM.attributes
                0x00000000000001c8       0x1e /Applications/MCUXpressoIDE_11.1.0_3209/ide/plugins/com.nxp.mcuxpresso.tools.macosx_11.1.0.201909161352/tools/bin/../lib/gcc/arm-none-eabi/8.3.1/thumb/v6-m/nofp/libgcc.a(_dvmd_tls.o)
 .ARM.attributes
                0x00000000000001e6       0x2c /Applications/MCUXpressoIDE_11.1.0_3209/ide/plugins/com.nxp.mcuxpresso.tools.macosx_11.1.0.201909161352/tools/bin/../lib/gcc/arm-none-eabi/8.3.1/../../../../arm-none-eabi/lib/thumb/v6-m/nofp/libc_nano.a(lib_a-impure.o)
 .ARM.attributes
                0x0000000000000212       0x2c /Applications/MCUXpressoIDE_11.1.0_3209/ide/plugins/com.nxp.mcuxpresso.tools.macosx_11.1.0.201909161352/tools/bin/../lib/gcc/arm-none-eabi/8.3.1/../../../../arm-none-eabi/lib/thumb/v6-m/nofp/libc_nano.a(lib_a-init.o)
 .ARM.attributes
                0x000000000000023e       0x2c /Applications/MCUXpressoIDE_11.1.0_3209/ide/plugins/com.nxp.mcuxpresso.tools.macosx_11.1.0.201909161352/tools/bin/../lib/gcc/arm-none-eabi/8.3.1/../../../../arm-none-eabi/lib/thumb/v6-m/nofp/libc_nano.a(lib_a-memset.o)
 .ARM.attributes
                0x000000000000026a       0x2c /Applications/MCUXpressoIDE_11.1.0_3209/ide/plugins/com.nxp.mcuxpresso.tools.macosx_11.1.0.201909161352/tools/bin/../lib/gcc/arm-none-eabi/8.3.1/../../../../arm-none-eabi/lib/thumb/v6-m/nofp/libc_nano.a(lib_a-nano-freer.o)
 .ARM.attributes
                0x0000000000000296       0x2c /Applications/MCUXpressoIDE_11.1.0_3209/ide/plugins/com.nxp.mcuxpresso.tools.macosx_11.1.0.201909161352/tools/bin/../lib/gcc/arm-none-eabi/8.3.1/../../../../arm-none-eabi/lib/thumb/v6-m/nofp/libc_nano.a(lib_a-nano-mallocr.o)
 .ARM.attributes
                0x00000000000002c2       0x2c /Applications/MCUXpressoIDE_11.1.0_3209/ide/plugins/com.nxp.mcuxpresso.tools.macosx_11.1.0.201909161352/tools/bin/../lib/gcc/arm-none-eabi/8.3.1/../../../../arm-none-eabi/lib/thumb/v6-m/nofp/libc_nano.a(lib_a-nano-vfprintf_i.o)
 .ARM.attributes
                0x00000000000002ee       0x2c /Applications/MCUXpressoIDE_11.1.0_3209/ide/plugins/com.nxp.mcuxpresso.tools.macosx_11.1.0.201909161352/tools/bin/../lib/gcc/arm-none-eabi/8.3.1/../../../../arm-none-eabi/lib/thumb/v6-m/nofp/libc_nano.a(lib_a-sbrkr.o)
 .ARM.attributes
                0x000000000000031a       0x2c /Applications/MCUXpressoIDE_11.1.0_3209/ide/plugins/com.nxp.mcuxpresso.tools.macosx_11.1.0.201909161352/tools/bin/../lib/gcc/arm-none-eabi/8.3.1/../../../../arm-none-eabi/lib/thumb/v6-m/nofp/libc_nano.a(lib_a-sprintf.o)
 .ARM.attributes
                0x0000000000000346       0x2c /Applications/MCUXpressoIDE_11.1.0_3209/ide/plugins/com.nxp.mcuxpresso.tools.macosx_11.1.0.201909161352/tools/bin/../lib/gcc/arm-none-eabi/8.3.1/../../../../arm-none-eabi/lib/thumb/v6-m/nofp/libc_nano.a(lib_a-strcat.o)
 .ARM.attributes
                0x0000000000000372       0x2c /Applications/MCUXpressoIDE_11.1.0_3209/ide/plugins/com.nxp.mcuxpresso.tools.macosx_11.1.0.201909161352/tools/bin/../lib/gcc/arm-none-eabi/8.3.1/../../../../arm-none-eabi/lib/thumb/v6-m/nofp/libc_nano.a(lib_a-strcpy.o)
 .ARM.attributes
                0x000000000000039e       0x2c /Applications/MCUXpressoIDE_11.1.0_3209/ide/plugins/com.nxp.mcuxpresso.tools.macosx_11.1.0.201909161352/tools/bin/../lib/gcc/arm-none-eabi/8.3.1/../../../../arm-none-eabi/lib/thumb/v6-m/nofp/libc_nano.a(lib_a-findfp.o)
 .ARM.attributes
                0x00000000000003ca       0x2c /Applications/MCUXpressoIDE_11.1.0_3209/ide/plugins/com.nxp.mcuxpresso.tools.macosx_11.1.0.201909161352/tools/bin/../lib/gcc/arm-none-eabi/8.3.1/../../../../arm-none-eabi/lib/thumb/v6-m/nofp/libc_nano.a(lib_a-lock.o)
 .ARM.attributes
                0x00000000000003f6       0x2c /Applications/MCUXpressoIDE_11.1.0_3209/ide/plugins/com.nxp.mcuxpresso.tools.macosx_11.1.0.201909161352/tools/bin/../lib/gcc/arm-none-eabi/8.3.1/../../../../arm-none-eabi/lib/thumb/v6-m/nofp/libc_nano.a(lib_a-memchr-stub.o)
 .ARM.attributes
                0x0000000000000422       0x2c /Applications/MCUXpressoIDE_11.1.0_3209/ide/plugins/com.nxp.mcuxpresso.tools.macosx_11.1.0.201909161352/tools/bin/../lib/gcc/arm-none-eabi/8.3.1/../../../../arm-none-eabi/lib/thumb/v6-m/nofp/libc_nano.a(lib_a-memcpy-stub.o)
 .ARM.attributes
                0x000000000000044e       0x2c /Applications/MCUXpressoIDE_11.1.0_3209/ide/plugins/com.nxp.mcuxpresso.tools.macosx_11.1.0.201909161352/tools/bin/../lib/gcc/arm-none-eabi/8.3.1/../../../../arm-none-eabi/lib/thumb/v6-m/nofp/libc_nano.a(lib_a-memmove.o)
 .ARM.attributes
                0x000000000000047a       0x2c /Applications/MCUXpressoIDE_11.1.0_3209/ide/plugins/com.nxp.mcuxpresso.tools.macosx_11.1.0.201909161352/tools/bin/../lib/gcc/arm-none-eabi/8.3.1/../../../../arm-none-eabi/lib/thumb/v6-m/nofp/libc_nano.a(lib_a-mlock.o)
 .ARM.attributes
                0x00000000000004a6       0x2c /Applications/MCUXpressoIDE_11.1.0_3209/ide/plugins/com.nxp.mcuxpresso.tools.macosx_11.1.0.201909161352/tools/bin/../lib/gcc/arm-none-eabi/8.3.1/../../../../arm-none-eabi/lib/thumb/v6-m/nofp/libc_nano.a(lib_a-nano-reallocr.o)
 .ARM.attributes
                0x00000000000004d2       0x2c /Applications/MCUXpressoIDE_11.1.0_3209/ide/plugins/com.nxp.mcuxpresso.tools.macosx_11.1.0.201909161352/tools/bin/../lib/gcc/arm-none-eabi/8.3.1/../../../../arm-none-eabi/lib/thumb/v6-m/nofp/libc_nano.a(lib_a-nano-svfprintf.o)
 .ARM.attributes
                0x00000000000004fe       0x2c /Applications/MCUXpressoIDE_11.1.0_3209/ide/plugins/com.nxp.mcuxpresso.tools.macosx_11.1.0.201909161352/tools/bin/../lib/gcc/arm-none-eabi/8.3.1/../../../../arm-none-eabi/lib/thumb/v6-m/nofp/libc_nano.a(lib_a-reent.o)
 .ARM.attributes
                0x000000000000052a       0x2c /Applications/MCUXpressoIDE_11.1.0_3209/ide/plugins/com.nxp.mcuxpresso.tools.macosx_11.1.0.201909161352/tools/bin/../lib/gcc/arm-none-eabi/8.3.1/../../../../arm-none-eabi/lib/thumb/v6-m/nofp/libc_nano.a(lib_a-nano-msizer.o)
 .ARM.attributes
                0x0000000000000556       0x2c /Applications/MCUXpressoIDE_11.1.0_3209/ide/plugins/com.nxp.mcuxpresso.tools.macosx_11.1.0.201909161352/tools/bin/../lib/gcc/arm-none-eabi/8.3.1/../../../../arm-none-eabi/lib/thumb/v6-m/nofp/libcr_newlib_semihost.a(_cr_sbrk.o)
 .ARM.attributes
                0x0000000000000582       0x2c /Applications/MCUXpressoIDE_11.1.0_3209/ide/plugins/com.nxp.mcuxpresso.tools.macosx_11.1.0.201909161352/tools/bin/../lib/gcc/arm-none-eabi/8.3.1/../../../../arm-none-eabi/lib/thumb/v6-m/nofp/libcr_newlib_semihost.a(_cr_check_heap.o)
 .ARM.attributes
                0x00000000000005ae       0x1e /Applications/MCUXpressoIDE_11.1.0_3209/ide/plugins/com.nxp.mcuxpresso.tools.macosx_11.1.0.201909161352/tools/bin/../lib/gcc/arm-none-eabi/8.3.1/thumb/v6-m/nofp/crti.o
 .ARM.attributes
                0x00000000000005cc       0x1e /Applications/MCUXpressoIDE_11.1.0_3209/ide/plugins/com.nxp.mcuxpresso.tools.macosx_11.1.0.201909161352/tools/bin/../lib/gcc/arm-none-eabi/8.3.1/thumb/v6-m/nofp/crtn.o
 .ARM.attributes
                0x00000000000005ea       0x2c /Applications/MCUXpressoIDE_11.1.0_3209/ide/plugins/com.nxp.mcuxpresso.tools.macosx_11.1.0.201909161352/tools/bin/../lib/gcc/arm-none-eabi/8.3.1/thumb/v6-m/nofp/crtbegin.o
 .ARM.attributes
                0x0000000000000616       0x2c /Applications/MCUXpressoIDE_11.1.0_3209/ide/plugins/com.nxp.mcuxpresso.tools.macosx_11.1.0.201909161352/tools/bin/../lib/gcc/arm-none-eabi/8.3.1/../../../../arm-none-eabi/lib/thumb/v6-m/nofp/libc_nano.a(lib_a-errno.o)

.debug_frame    0x0000000000000000     0x1620
 .debug_frame   0x0000000000000000      0x3b0 ./startup/startup_lpc802.o
 .debug_frame   0x00000000000003b0      0x1f0 ./source/FMradioCPP.o
 .debug_frame   0x00000000000005a0      0x1f0 ./source/I2CDisplay.o
 .debug_frame   0x0000000000000790       0xb0 ./source/arduino.o
 .debug_frame   0x0000000000000840       0x8c ./source/i2c.o
 .debug_frame   0x00000000000008cc       0x20 ./source/semihost_hardfault.o
 .debug_frame   0x00000000000008ec      0x2f4 ./source/tuner.o
 .debug_frame   0x0000000000000be0      0x3e8 ./drivers/fsl_usart.o
 .debug_frame   0x0000000000000fc8       0x64 ./device/system_LPC802.o
 .debug_frame   0x000000000000102c       0x20 /Applications/MCUXpressoIDE_11.1.0_3209/ide/plugins/com.nxp.mcuxpresso.tools.macosx_11.1.0.201909161352/tools/bin/../lib/gcc/arm-none-eabi/8.3.1/thumb/v6-m/nofp/libgcc.a(_udivsi3.o)
 .debug_frame   0x000000000000104c       0x20 /Applications/MCUXpressoIDE_11.1.0_3209/ide/plugins/com.nxp.mcuxpresso.tools.macosx_11.1.0.201909161352/tools/bin/../lib/gcc/arm-none-eabi/8.3.1/thumb/v6-m/nofp/libgcc.a(_divsi3.o)
 .debug_frame   0x000000000000106c       0x2c /Applications/MCUXpressoIDE_11.1.0_3209/ide/plugins/com.nxp.mcuxpresso.tools.macosx_11.1.0.201909161352/tools/bin/../lib/gcc/arm-none-eabi/8.3.1/../../../../arm-none-eabi/lib/thumb/v6-m/nofp/libc_nano.a(lib_a-init.o)
 .debug_frame   0x0000000000001098       0x20 /Applications/MCUXpressoIDE_11.1.0_3209/ide/plugins/com.nxp.mcuxpresso.tools.macosx_11.1.0.201909161352/tools/bin/../lib/gcc/arm-none-eabi/8.3.1/../../../../arm-none-eabi/lib/thumb/v6-m/nofp/libc_nano.a(lib_a-memset.o)
 .debug_frame   0x00000000000010b8       0x2c /Applications/MCUXpressoIDE_11.1.0_3209/ide/plugins/com.nxp.mcuxpresso.tools.macosx_11.1.0.201909161352/tools/bin/../lib/gcc/arm-none-eabi/8.3.1/../../../../arm-none-eabi/lib/thumb/v6-m/nofp/libc_nano.a(lib_a-nano-freer.o)
 .debug_frame   0x00000000000010e4       0x30 /Applications/MCUXpressoIDE_11.1.0_3209/ide/plugins/com.nxp.mcuxpresso.tools.macosx_11.1.0.201909161352/tools/bin/../lib/gcc/arm-none-eabi/8.3.1/../../../../arm-none-eabi/lib/thumb/v6-m/nofp/libc_nano.a(lib_a-nano-mallocr.o)
 .debug_frame   0x0000000000001114       0x54 /Applications/MCUXpressoIDE_11.1.0_3209/ide/plugins/com.nxp.mcuxpresso.tools.macosx_11.1.0.201909161352/tools/bin/../lib/gcc/arm-none-eabi/8.3.1/../../../../arm-none-eabi/lib/thumb/v6-m/nofp/libc_nano.a(lib_a-nano-vfprintf_i.o)
 .debug_frame   0x0000000000001168       0x2c /Applications/MCUXpressoIDE_11.1.0_3209/ide/plugins/com.nxp.mcuxpresso.tools.macosx_11.1.0.201909161352/tools/bin/../lib/gcc/arm-none-eabi/8.3.1/../../../../arm-none-eabi/lib/thumb/v6-m/nofp/libc_nano.a(lib_a-sbrkr.o)
 .debug_frame   0x0000000000001194       0x48 /Applications/MCUXpressoIDE_11.1.0_3209/ide/plugins/com.nxp.mcuxpresso.tools.macosx_11.1.0.201909161352/tools/bin/../lib/gcc/arm-none-eabi/8.3.1/../../../../arm-none-eabi/lib/thumb/v6-m/nofp/libc_nano.a(lib_a-sprintf.o)
 .debug_frame   0x00000000000011dc       0x28 /Applications/MCUXpressoIDE_11.1.0_3209/ide/plugins/com.nxp.mcuxpresso.tools.macosx_11.1.0.201909161352/tools/bin/../lib/gcc/arm-none-eabi/8.3.1/../../../../arm-none-eabi/lib/thumb/v6-m/nofp/libc_nano.a(lib_a-strcat.o)
 .debug_frame   0x0000000000001204       0x20 /Applications/MCUXpressoIDE_11.1.0_3209/ide/plugins/com.nxp.mcuxpresso.tools.macosx_11.1.0.201909161352/tools/bin/../lib/gcc/arm-none-eabi/8.3.1/../../../../arm-none-eabi/lib/thumb/v6-m/nofp/libc_nano.a(lib_a-strcpy.o)
 .debug_frame   0x0000000000001224      0x170 /Applications/MCUXpressoIDE_11.1.0_3209/ide/plugins/com.nxp.mcuxpresso.tools.macosx_11.1.0.201909161352/tools/bin/../lib/gcc/arm-none-eabi/8.3.1/../../../../arm-none-eabi/lib/thumb/v6-m/nofp/libc_nano.a(lib_a-findfp.o)
 .debug_frame   0x0000000000001394       0xb0 /Applications/MCUXpressoIDE_11.1.0_3209/ide/plugins/com.nxp.mcuxpresso.tools.macosx_11.1.0.201909161352/tools/bin/../lib/gcc/arm-none-eabi/8.3.1/../../../../arm-none-eabi/lib/thumb/v6-m/nofp/libc_nano.a(lib_a-lock.o)
 .debug_frame   0x0000000000001444       0x20 /Applications/MCUXpressoIDE_11.1.0_3209/ide/plugins/com.nxp.mcuxpresso.tools.macosx_11.1.0.201909161352/tools/bin/../lib/gcc/arm-none-eabi/8.3.1/../../../../arm-none-eabi/lib/thumb/v6-m/nofp/libc_nano.a(lib_a-memchr-stub.o)
 .debug_frame   0x0000000000001464       0x28 /Applications/MCUXpressoIDE_11.1.0_3209/ide/plugins/com.nxp.mcuxpresso.tools.macosx_11.1.0.201909161352/tools/bin/../lib/gcc/arm-none-eabi/8.3.1/../../../../arm-none-eabi/lib/thumb/v6-m/nofp/libc_nano.a(lib_a-memcpy-stub.o)
 .debug_frame   0x000000000000148c       0x28 /Applications/MCUXpressoIDE_11.1.0_3209/ide/plugins/com.nxp.mcuxpresso.tools.macosx_11.1.0.201909161352/tools/bin/../lib/gcc/arm-none-eabi/8.3.1/../../../../arm-none-eabi/lib/thumb/v6-m/nofp/libc_nano.a(lib_a-memmove.o)
 .debug_frame   0x00000000000014b4       0x40 /Applications/MCUXpressoIDE_11.1.0_3209/ide/plugins/com.nxp.mcuxpresso.tools.macosx_11.1.0.201909161352/tools/bin/../lib/gcc/arm-none-eabi/8.3.1/../../../../arm-none-eabi/lib/thumb/v6-m/nofp/libc_nano.a(lib_a-mlock.o)
 .debug_frame   0x00000000000014f4       0x30 /Applications/MCUXpressoIDE_11.1.0_3209/ide/plugins/com.nxp.mcuxpresso.tools.macosx_11.1.0.201909161352/tools/bin/../lib/gcc/arm-none-eabi/8.3.1/../../../../arm-none-eabi/lib/thumb/v6-m/nofp/libc_nano.a(lib_a-nano-reallocr.o)
 .debug_frame   0x0000000000001524       0x74 /Applications/MCUXpressoIDE_11.1.0_3209/ide/plugins/com.nxp.mcuxpresso.tools.macosx_11.1.0.201909161352/tools/bin/../lib/gcc/arm-none-eabi/8.3.1/../../../../arm-none-eabi/lib/thumb/v6-m/nofp/libc_nano.a(lib_a-nano-svfprintf.o)
 .debug_frame   0x0000000000001598       0x48 /Applications/MCUXpressoIDE_11.1.0_3209/ide/plugins/com.nxp.mcuxpresso.tools.macosx_11.1.0.201909161352/tools/bin/../lib/gcc/arm-none-eabi/8.3.1/../../../../arm-none-eabi/lib/thumb/v6-m/nofp/libc_nano.a(lib_a-reent.o)
 .debug_frame   0x00000000000015e0       0x20 /Applications/MCUXpressoIDE_11.1.0_3209/ide/plugins/com.nxp.mcuxpresso.tools.macosx_11.1.0.201909161352/tools/bin/../lib/gcc/arm-none-eabi/8.3.1/../../../../arm-none-eabi/lib/thumb/v6-m/nofp/libc_nano.a(lib_a-nano-msizer.o)
 .debug_frame   0x0000000000001600       0x20 /Applications/MCUXpressoIDE_11.1.0_3209/ide/plugins/com.nxp.mcuxpresso.tools.macosx_11.1.0.201909161352/tools/bin/../lib/gcc/arm-none-eabi/8.3.1/../../../../arm-none-eabi/lib/thumb/v6-m/nofp/libc_nano.a(lib_a-errno.o)

Cross Reference Table

Symbol                                            File
ADC0_OVR_DriverIRQHandler                         ./startup/startup_lpc802.o
ADC0_OVR_IRQHandler                               ./startup/startup_lpc802.o
ADC0_SEQA_DriverIRQHandler                        ./startup/startup_lpc802.o
ADC0_SEQA_IRQHandler                              ./startup/startup_lpc802.o
ADC0_SEQB_DriverIRQHandler                        ./startup/startup_lpc802.o
ADC0_SEQB_IRQHandler                              ./startup/startup_lpc802.o
ADC0_THCMP_DriverIRQHandler                       ./startup/startup_lpc802.o
ADC0_THCMP_IRQHandler                             ./startup/startup_lpc802.o
BOARD_BootClockFRO18M                             ./board/clock_config.o
BOARD_BootClockFRO24M                             ./board/clock_config.o
BOARD_BootClockFRO30M                             ./board/clock_config.o
BOARD_InitBUTTONsPins                             ./board/pin_mux.o
BOARD_InitBootClocks                              ./board/clock_config.o
BOARD_InitBootPeripherals                         ./board/peripherals.o
BOARD_InitBootPins                                ./board/pin_mux.o
BOARD_InitDEBUG_UARTPins                          ./board/pin_mux.o
BOARD_InitDebugConsole                            ./board/board.o
BOARD_InitI2CPins                                 ./board/pin_mux.o
BOARD_InitLEDsPins                                ./board/pin_mux.o
BOARD_InitPins                                    ./board/pin_mux.o
BOARD_InitSWD_DEBUGPins                           ./board/pin_mux.o
BOD_DriverIRQHandler                              ./startup/startup_lpc802.o
BOD_IRQHandler                                    ./startup/startup_lpc802.o
CLOCK_GetClockOutClkFreq                          ./drivers/fsl_clock.o
CLOCK_GetFRGClkFreq                               ./drivers/fsl_clock.o
CLOCK_GetFreq                                     ./drivers/fsl_clock.o
CLOCK_GetFroFreq                                  ./drivers/fsl_clock.o
CLOCK_GetMainClkFreq                              ./drivers/fsl_clock.o
CLOCK_GetUart0ClkFreq                             ./drivers/fsl_clock.o
CLOCK_GetUart1ClkFreq                             ./drivers/fsl_clock.o
CLOCK_InitExtClkin                                ./drivers/fsl_clock.o
CLOCK_SetFRGClkFreq                               ./drivers/fsl_clock.o
CLOCK_SetFroOscFreq                               ./drivers/fsl_clock.o
                                                  ./board/clock_config.o
CLOCK_SetMainClkSrc                               ./drivers/fsl_clock.o
                                                  ./board/clock_config.o
CMP_DriverIRQHandler                              ./startup/startup_lpc802.o
CMP_IRQHandler                                    ./startup/startup_lpc802.o
CTIMER0_DriverIRQHandler                          ./startup/startup_lpc802.o
CTIMER0_IRQHandler                                ./startup/startup_lpc802.o
DbgConsole_Deinit                                 ./utilities/fsl_debug_console.o
DbgConsole_Init                                   ./utilities/fsl_debug_console.o
DisableDeepSleepIRQ                               ./drivers/fsl_power.o
Display::Display(unsigned char, unsigned char, unsigned char, unsigned char) ./source/I2CDisplay.o
                                                  ./source/FMradioCPP.o
Display::Display(unsigned char, unsigned char, unsigned char, unsigned char) ./source/I2CDisplay.o
Display::backlight()                              ./source/I2CDisplay.o
                                                  ./source/FMradioCPP.o
Display::clear()                                  ./source/I2CDisplay.o
                                                  ./source/FMradioCPP.o
Display::command(unsigned char)                   ./source/I2CDisplay.o
Display::display()                                ./source/I2CDisplay.o
Display::home()                                   ./source/I2CDisplay.o
Display::init()                                   ./source/I2CDisplay.o
                                                  ./source/FMradioCPP.o
Display::noBacklight()                            ./source/I2CDisplay.o
Display::noDisplay()                              ./source/I2CDisplay.o
Display::print(unsigned char)                     ./source/I2CDisplay.o
Display::printString(char*)                       ./source/I2CDisplay.o
                                                  ./source/FMradioCPP.o
Display::send(unsigned char, unsigned char)       ./source/I2CDisplay.o
Display::setCursor(unsigned char, unsigned char)  ./source/I2CDisplay.o
                                                  ./source/FMradioCPP.o
Display::writeAndUpdate(unsigned char)            ./source/I2CDisplay.o
Display::writeDevice(unsigned char)               ./source/I2CDisplay.o
EnableDeepSleepIRQ                                ./drivers/fsl_power.o
ExtClockIn                                        ./board/board.o
FLASH_DriverIRQHandler                            ./startup/startup_lpc802.o
FLASH_IRQHandler                                  ./startup/startup_lpc802.o
GPIO_PinInit                                      ./drivers/fsl_gpio.o
GPIO_PortInit                                     ./drivers/fsl_gpio.o
HAL_UartDeinit                                    ./component/uart/miniusart_adapter.o
                                                  ./utilities/fsl_debug_console.o
HAL_UartEnterLowpower                             ./component/uart/miniusart_adapter.o
HAL_UartExitLowpower                              ./component/uart/miniusart_adapter.o
HAL_UartInit                                      ./component/uart/miniusart_adapter.o
                                                  ./utilities/fsl_debug_console.o
HAL_UartReceiveBlocking                           ./component/uart/miniusart_adapter.o
                                                  ./utilities/fsl_debug_console.o
HAL_UartSendBlocking                              ./component/uart/miniusart_adapter.o
                                                  ./utilities/fsl_debug_console.o
HardFault_Handler                                 ./source/semihost_hardfault.o
                                                  ./startup/startup_lpc802.o
I2C0_DriverIRQHandler                             ./startup/startup_lpc802.o
I2C0_IRQHandler                                   ./startup/startup_lpc802.o
I2CChangePin(unsigned char, unsigned char)        ./source/i2c.o
                                                  ./source/tuner.o
                                                  ./source/I2CDisplay.o
I2C_MasterSetBaudRate(unsigned long, unsigned long) ./source/i2c.o
I2Cinit()                                         ./source/i2c.o
                                                  ./source/FMradioCPP.o
IntDefaultHandler                                 ./startup/startup_lpc802.o
MRT0_DriverIRQHandler                             ./startup/startup_lpc802.o
MRT0_IRQHandler                                   ./startup/startup_lpc802.o
NMI_Handler                                       ./startup/startup_lpc802.o
PIN_INT0_DriverIRQHandler                         ./startup/startup_lpc802.o
PIN_INT0_IRQHandler                               ./source/FMradioCPP.o
                                                  ./startup/startup_lpc802.o
PIN_INT1_DriverIRQHandler                         ./startup/startup_lpc802.o
PIN_INT1_IRQHandler                               ./source/FMradioCPP.o
                                                  ./startup/startup_lpc802.o
PIN_INT2_DriverIRQHandler                         ./startup/startup_lpc802.o
PIN_INT2_IRQHandler                               ./source/FMradioCPP.o
                                                  ./startup/startup_lpc802.o
PIN_INT3_DriverIRQHandler                         ./startup/startup_lpc802.o
PIN_INT3_IRQHandler                               ./source/FMradioCPP.o
                                                  ./startup/startup_lpc802.o
PIN_INT4_DriverIRQHandler                         ./startup/startup_lpc802.o
PIN_INT4_IRQHandler                               ./source/FMradioCPP.o
                                                  ./startup/startup_lpc802.o
PIN_INT5_DriverIRQHandler                         ./startup/startup_lpc802.o
PIN_INT5_IRQHandler                               ./source/FMradioCPP.o
                                                  ./startup/startup_lpc802.o
PIN_INT6_DriverIRQHandler                         ./startup/startup_lpc802.o
PIN_INT6_IRQHandler                               ./source/FMradioCPP.o
                                                  ./startup/startup_lpc802.o
PIN_INT7_DriverIRQHandler                         ./startup/startup_lpc802.o
PIN_INT7_IRQHandler                               ./startup/startup_lpc802.o
POWER_EnterDeepPowerDownMode                      ./drivers/fsl_power.o
POWER_EnterDeepSleep                              ./drivers/fsl_power.o
POWER_EnterPowerDown                              ./drivers/fsl_power.o
POWER_EnterSleep                                  ./drivers/fsl_power.o
PendSV_Handler                                    ./startup/startup_lpc802.o
RESET_PeripheralReset                             ./drivers/fsl_reset.o
                                                  ./drivers/fsl_usart.o
                                                  ./drivers/fsl_gpio.o
Reserved17_DriverIRQHandler                       ./startup/startup_lpc802.o
Reserved17_IRQHandler                             ./startup/startup_lpc802.o
Reserved18_DriverIRQHandler                       ./startup/startup_lpc802.o
Reserved18_IRQHandler                             ./startup/startup_lpc802.o
Reserved21_DriverIRQHandler                       ./startup/startup_lpc802.o
Reserved21_IRQHandler                             ./startup/startup_lpc802.o
Reserved22_DriverIRQHandler                       ./startup/startup_lpc802.o
Reserved22_IRQHandler                             ./startup/startup_lpc802.o
Reserved23_DriverIRQHandler                       ./startup/startup_lpc802.o
Reserved23_IRQHandler                             ./startup/startup_lpc802.o
Reserved25_DriverIRQHandler                       ./startup/startup_lpc802.o
Reserved25_IRQHandler                             ./startup/startup_lpc802.o
Reserved36_DriverIRQHandler                       ./startup/startup_lpc802.o
Reserved36_IRQHandler                             ./startup/startup_lpc802.o
Reserved37_DriverIRQHandler                       ./startup/startup_lpc802.o
Reserved37_IRQHandler                             ./startup/startup_lpc802.o
Reserved38_DriverIRQHandler                       ./startup/startup_lpc802.o
Reserved38_IRQHandler                             ./startup/startup_lpc802.o
ResetISR                                          ./startup/startup_lpc802.o
SDK_DelayAtLeastUs                                ./drivers/fsl_common.o
SDK_Free                                          ./drivers/fsl_common.o
SDK_Malloc                                        ./drivers/fsl_common.o
SPI0_DriverIRQHandler                             ./startup/startup_lpc802.o
SPI0_IRQHandler                                   ./startup/startup_lpc802.o
SVC_Handler                                       ./startup/startup_lpc802.o
SWM_SetFixedPinSelect                             ./drivers/fsl_swm.o
                                                  ./board/pin_mux.o
SWM_SetMovablePinSelect                           ./drivers/fsl_swm.o
                                                  ./board/pin_mux.o
SysTick_Handler                                   ./source/FMradioCPP.o
                                                  ./startup/startup_lpc802.o
SystemCoreClock                                   ./device/system_LPC802.o
                                                  ./board/clock_config.o
SystemCoreClockUpdate                             ./device/system_LPC802.o
SystemInit                                        ./device/system_LPC802.o
                                                  ./startup/startup_lpc802.o
SystemInitHook                                    ./device/system_LPC802.o
Tuner::RDSalarm()                                 ./source/tuner.o
Tuner::STstatus()                                 ./source/tuner.o
                                                  ./source/FMradioCPP.o
Tuner::StationFromBytes(unsigned short)           ./source/tuner.o
Tuner::StationToBytes(int)                        ./source/tuner.o
Tuner::Tuner(unsigned char)                       ./source/FMradioCPP.o
Tuner::Tuner(unsigned char)                       ./source/FMradioCPP.o
Tuner::bassBoost(bool)                            ./source/tuner.o
                                                  ./source/FMradioCPP.o
Tuner::disableChip()                              ./source/tuner.o
Tuner::dumpData()                                 ./source/tuner.o
Tuner::enableChip()                               ./source/tuner.o
Tuner::forceMono(bool)                            ./source/tuner.o
                                                  ./source/FMradioCPP.o
Tuner::getSignalStrength()                        ./source/tuner.o
                                                  ./source/FMradioCPP.o
Tuner::getStation()                               ./source/tuner.o
                                                  ./source/FMradioCPP.o
Tuner::getVolume()                                ./source/tuner.o
Tuner::init()                                     ./source/tuner.o
                                                  ./source/FMradioCPP.o
Tuner::mute(bool)                                 ./source/tuner.o
Tuner::readDevice()                               ./source/tuner.o
Tuner::resetChip()                                ./source/tuner.o
Tuner::seekComplete()                             ./source/tuner.o
                                                  ./source/FMradioCPP.o
Tuner::seekDown()                                 ./source/tuner.o
                                                  ./source/FMradioCPP.o
Tuner::seekStatus()                               ./source/tuner.o
                                                  ./source/FMradioCPP.o
Tuner::seekUp()                                   ./source/tuner.o
                                                  ./source/FMradioCPP.o
Tuner::setStation(int)                            ./source/tuner.o
                                                  ./source/FMradioCPP.o
Tuner::setVolume(unsigned char)                   ./source/tuner.o
                                                  ./source/FMradioCPP.o
Tuner::writeDevice()                              ./source/tuner.o
USART0_DriverIRQHandler                           ./drivers/fsl_usart.o
                                                  ./startup/startup_lpc802.o
USART0_IRQHandler                                 ./startup/startup_lpc802.o
USART1_DriverIRQHandler                           ./drivers/fsl_usart.o
                                                  ./startup/startup_lpc802.o
USART1_IRQHandler                                 ./startup/startup_lpc802.o
USART_Deinit                                      ./drivers/fsl_usart.o
                                                  ./component/uart/miniusart_adapter.o
USART_GetDefaultConfig                            ./drivers/fsl_usart.o
                                                  ./component/uart/miniusart_adapter.o
USART_GetInstance                                 ./drivers/fsl_usart.o
USART_Init                                        ./drivers/fsl_usart.o
                                                  ./component/uart/miniusart_adapter.o
USART_ReadBlocking                                ./drivers/fsl_usart.o
                                                  ./component/uart/miniusart_adapter.o
USART_SetBaudRate                                 ./drivers/fsl_usart.o
USART_TransferAbortReceive                        ./drivers/fsl_usart.o
USART_TransferAbortSend                           ./drivers/fsl_usart.o
USART_TransferCreateHandle                        ./drivers/fsl_usart.o
USART_TransferGetReceiveCount                     ./drivers/fsl_usart.o
USART_TransferGetRxRingBufferLength               ./drivers/fsl_usart.o
USART_TransferGetSendCount                        ./drivers/fsl_usart.o
USART_TransferHandleIRQ                           ./drivers/fsl_usart.o
USART_TransferReceiveNonBlocking                  ./drivers/fsl_usart.o
USART_TransferSendNonBlocking                     ./drivers/fsl_usart.o
USART_TransferStartRingBuffer                     ./drivers/fsl_usart.o
USART_TransferStopRingBuffer                      ./drivers/fsl_usart.o
USART_WriteBlocking                               ./drivers/fsl_usart.o
                                                  ./component/uart/miniusart_adapter.o
WDT_DriverIRQHandler                              ./startup/startup_lpc802.o
WDT_IRQHandler                                    ./startup/startup_lpc802.o
WKT_DriverIRQHandler                              ./startup/startup_lpc802.o
WKT_IRQHandler                                    ./startup/startup_lpc802.o
WaitI2CMasterState(I2C_Type*, unsigned long)      ./source/i2c.o
                                                  ./source/tuner.o
                                                  ./source/I2CDisplay.o
__Vectors                                         ./startup/startup_lpc802.o
__aeabi_atexit                                    ./source/cpp_config.o
__aeabi_idiv                                      /Applications/MCUXpressoIDE_11.1.0_3209/ide/plugins/com.nxp.mcuxpresso.tools.macosx_11.1.0.201909161352/tools/bin/../lib/gcc/arm-none-eabi/8.3.1/thumb/v6-m/nofp/libgcc.a(_divsi3.o)
                                                  /Applications/MCUXpressoIDE_11.1.0_3209/ide/plugins/com.nxp.mcuxpresso.tools.macosx_11.1.0.201909161352/tools/bin/../lib/gcc/arm-none-eabi/8.3.1/../../../../arm-none-eabi/lib/thumb/v6-m/nofp/libc_nano.a(lib_a-fvwrite.o)
                                                  ./source/arduino.o
                                                  ./source/FMradioCPP.o
__aeabi_idiv0                                     /Applications/MCUXpressoIDE_11.1.0_3209/ide/plugins/com.nxp.mcuxpresso.tools.macosx_11.1.0.201909161352/tools/bin/../lib/gcc/arm-none-eabi/8.3.1/thumb/v6-m/nofp/libgcc.a(_dvmd_tls.o)
                                                  /Applications/MCUXpressoIDE_11.1.0_3209/ide/plugins/com.nxp.mcuxpresso.tools.macosx_11.1.0.201909161352/tools/bin/../lib/gcc/arm-none-eabi/8.3.1/thumb/v6-m/nofp/libgcc.a(_divsi3.o)
                                                  /Applications/MCUXpressoIDE_11.1.0_3209/ide/plugins/com.nxp.mcuxpresso.tools.macosx_11.1.0.201909161352/tools/bin/../lib/gcc/arm-none-eabi/8.3.1/thumb/v6-m/nofp/libgcc.a(_udivsi3.o)
__aeabi_idivmod                                   /Applications/MCUXpressoIDE_11.1.0_3209/ide/plugins/com.nxp.mcuxpresso.tools.macosx_11.1.0.201909161352/tools/bin/../lib/gcc/arm-none-eabi/8.3.1/thumb/v6-m/nofp/libgcc.a(_divsi3.o)
                                                  ./source/FMradioCPP.o
__aeabi_ldiv0                                     /Applications/MCUXpressoIDE_11.1.0_3209/ide/plugins/com.nxp.mcuxpresso.tools.macosx_11.1.0.201909161352/tools/bin/../lib/gcc/arm-none-eabi/8.3.1/thumb/v6-m/nofp/libgcc.a(_dvmd_tls.o)
                                                  /Applications/MCUXpressoIDE_11.1.0_3209/ide/plugins/com.nxp.mcuxpresso.tools.macosx_11.1.0.201909161352/tools/bin/../lib/gcc/arm-none-eabi/8.3.1/thumb/v6-m/nofp/libgcc.a(_aeabi_uldivmod.o)
__aeabi_lmul                                      /Applications/MCUXpressoIDE_11.1.0_3209/ide/plugins/com.nxp.mcuxpresso.tools.macosx_11.1.0.201909161352/tools/bin/../lib/gcc/arm-none-eabi/8.3.1/thumb/v6-m/nofp/libgcc.a(_muldi3.o)
                                                  ./drivers/fsl_common.o
__aeabi_uidiv                                     /Applications/MCUXpressoIDE_11.1.0_3209/ide/plugins/com.nxp.mcuxpresso.tools.macosx_11.1.0.201909161352/tools/bin/../lib/gcc/arm-none-eabi/8.3.1/thumb/v6-m/nofp/libgcc.a(_udivsi3.o)
                                                  ./device/system_LPC802.o
                                                  ./drivers/fsl_usart.o
                                                  ./drivers/fsl_clock.o
                                                  ./source/tuner.o
                                                  ./source/i2c.o
__aeabi_uidivmod                                  /Applications/MCUXpressoIDE_11.1.0_3209/ide/plugins/com.nxp.mcuxpresso.tools.macosx_11.1.0.201909161352/tools/bin/../lib/gcc/arm-none-eabi/8.3.1/thumb/v6-m/nofp/libgcc.a(_udivsi3.o)
                                                  /Applications/MCUXpressoIDE_11.1.0_3209/ide/plugins/com.nxp.mcuxpresso.tools.macosx_11.1.0.201909161352/tools/bin/../lib/gcc/arm-none-eabi/8.3.1/../../../../arm-none-eabi/lib/thumb/v6-m/nofp/libc_nano.a(lib_a-nano-vfprintf_i.o)
__aeabi_uldivmod                                  /Applications/MCUXpressoIDE_11.1.0_3209/ide/plugins/com.nxp.mcuxpresso.tools.macosx_11.1.0.201909161352/tools/bin/../lib/gcc/arm-none-eabi/8.3.1/thumb/v6-m/nofp/libgcc.a(_aeabi_uldivmod.o)