core_cm0plus.h:741:22:void __NVIC_EnableIRQ(IRQn_Type)	16	static
core_cm0plus.h:777:22:void __NVIC_DisableIRQ(IRQn_Type)	16	static
core_cm0plus.h:848:22:void __NVIC_SetPriority(IRQn_Type, uint32_t)	24	static
core_cm0plus.h:1053:26:uint32_t SysTick_Config(uint32_t)	16	static
tuner.h:93:2:Tuner::Tuner(uint8_t)	16	static
FMradioCPP.cpp:66:5:int main()	8	static
FMradioCPP.cpp:168:6:void SysTick_Handler()	112	static
FMradioCPP.cpp:312:6:void PIN_INT0_IRQHandler()	8	static
FMradioCPP.cpp:328:6:void PIN_INT1_IRQHandler()	8	static
FMradioCPP.cpp:351:6:void PIN_INT2_IRQHandler()	8	static
FMradioCPP.cpp:373:6:void PIN_INT3_IRQHandler()	8	static
FMradioCPP.cpp:392:6:void PIN_INT4_IRQHandler()	8	static
FMradioCPP.cpp:445:6:void PIN_INT5_IRQHandler()	8	static
FMradioCPP.cpp:463:6:void PIN_INT6_IRQHandler()	8	static
FMradioCPP.cpp:479:1:void __static_initialization_and_destruction_0(int, int)	24	static
FMradioCPP.cpp:479:1:cpp)	8	static
