tuner.cpp:10:17:uint16_t Tuner::StationToBytes(int)	24	static
tuner.cpp:18:12:int Tuner::StationFromBytes(uint16_t)	24	static
tuner.cpp:23:6:void Tuner::setStation(int)	32	static
tuner.cpp:45:5:int Tuner::getStation()	32	static
tuner.cpp:62:5:int Tuner::setVolume(uint8_t)	16	static
tuner.cpp:75:9:uint8_t Tuner::getVolume()	16	static
tuner.cpp:79:9:uint8_t Tuner::getSignalStrength()	16	static
tuner.cpp:83:6:void Tuner::seekUp()	16	static
tuner.cpp:90:6:void Tuner::seekDown()	16	static
tuner.cpp:100:6:bool Tuner::seekStatus()	24	static
tuner.cpp:109:6:bool Tuner::seekComplete()	24	static
tuner.cpp:115:6:bool Tuner::STstatus()	24	static
tuner.cpp:121:6:void Tuner::forceMono(bool)	16	static
tuner.cpp:129:6:void Tuner::bassBoost(bool)	16	static
tuner.cpp:137:6:void Tuner::resetChip()	16	static
tuner.cpp:145:6:void Tuner::enableChip()	16	static
tuner.cpp:153:6:void Tuner::disableChip()	16	static
tuner.cpp:159:6:void Tuner::mute(bool)	16	static
tuner.cpp:168:6:bool Tuner::RDSalarm()	16	static
tuner.cpp:173:6:void Tuner::dumpData()	24	static
tuner.cpp:181:6:void Tuner::init()	16	static
tuner.cpp:188:6:void Tuner::readDevice()	24	static
tuner.cpp:230:6:void Tuner::writeDevice()	24	static
